%!Adobe-FontList 1.19
%Locale:0x40c

%BeginFont
Handler:DirectoryHandler
FontType:Invalid
OutlineFileName:C:\Users\Vinci\Documents\PROJETS_2022\OPEN_OPEN\technopolice-avecpagedjs\Font\zara\stylesheet.css
FileModTime:1676046422
%EndFont

%BeginFont
Handler:DirectoryHandler
FontType:Invalid
OutlineFileName:C:\Users\Vinci\Documents\PROJETS_2022\OPEN_OPEN\technopolice-avecpagedjs\Font\zara\Zara-Oblique.woff
FileModTime:1676035820
%EndFont

%BeginFont
Handler:DirectoryHandler
FontType:Invalid
OutlineFileName:C:\Users\Vinci\Documents\PROJETS_2022\OPEN_OPEN\technopolice-avecpagedjs\Font\zara\Zara-Regular.woff
FileModTime:1676035820
%EndFont

%BeginFont
Handler:DirectoryHandler
FontType:Invalid
OutlineFileName:C:\Users\Vinci\Documents\PROJETS_2022\OPEN_OPEN\technopolice-avecpagedjs\Font\tribalium\stylesheet.css
FileModTime:1676046424
%EndFont

%BeginFont
Handler:DirectoryHandler
FontType:Invalid
OutlineFileName:C:\Users\Vinci\Documents\PROJETS_2022\OPEN_OPEN\technopolice-avecpagedjs\Font\tribalium\TribaliumNeue-Poster.woff
FileModTime:1676032676
%EndFont

%BeginFont
Handler:DirectoryHandler
FontType:Invalid
OutlineFileName:C:\Users\Vinci\Documents\PROJETS_2022\OPEN_OPEN\technopolice-avecpagedjs\Font\tribalium\TribaliumNeue-Regular.woff
FileModTime:1676032676
%EndFont

%BeginFont
Handler:DirectoryHandler
FontType:Invalid
OutlineFileName:C:\Users\Vinci\Documents\PROJETS_2022\OPEN_OPEN\technopolice-avecpagedjs\Font\switzer\stylesheet.css
FileModTime:1682015340
%EndFont

%BeginFont
Handler:DirectoryHandler
FontType:Invalid
OutlineFileName:C:\Users\Vinci\Documents\PROJETS_2022\OPEN_OPEN\technopolice-avecpagedjs\Font\switzer\Switzer-Black.eot
FileModTime:1676032530
%EndFont

%BeginFont
Handler:DirectoryHandler
FontType:TrueType
FontName:false
FamilyName:Switzer
StyleName:Black
FullName:false
MenuName:Switzer Black
StyleBits:2
WritingScript:Roman
OutlineFileName:C:\Users\Vinci\Documents\PROJETS_2022\OPEN_OPEN\technopolice-avecpagedjs\Font\switzer\Switzer-Black.ttf
DataFormat:sfntData
hasSVG:no
VariableFontType:NonVariableFont
FileLength:47276
FileModTime:1676032530
WeightClass:900
WidthClass:5
AngleClass:0
NameArray:0,Mac,4,false
NameArray:0,Win,1,Switzer Black
NameArray:0,Win,16,Switzer
%EndFont

%BeginFont
Handler:DirectoryHandler
FontType:Invalid
OutlineFileName:C:\Users\Vinci\Documents\PROJETS_2022\OPEN_OPEN\technopolice-avecpagedjs\Font\switzer\Switzer-Black.woff
FileModTime:1676032530
%EndFont

%BeginFont
Handler:DirectoryHandler
FontType:Invalid
OutlineFileName:C:\Users\Vinci\Documents\PROJETS_2022\OPEN_OPEN\technopolice-avecpagedjs\Font\switzer\Switzer-Black.woff2
FileModTime:1676032530
%EndFont

%BeginFont
Handler:DirectoryHandler
FontType:Invalid
OutlineFileName:C:\Users\Vinci\Documents\PROJETS_2022\OPEN_OPEN\technopolice-avecpagedjs\Font\switzer\Switzer-BlackItalic.eot
FileModTime:1676032530
%EndFont

%BeginFont
Handler:DirectoryHandler
FontType:TrueType
FontName:false
FamilyName:Switzer
StyleName:Black Italic
FullName:false
MenuName:Switzer Black Italic
StyleBits:3
WritingScript:Roman
OutlineFileName:C:\Users\Vinci\Documents\PROJETS_2022\OPEN_OPEN\technopolice-avecpagedjs\Font\switzer\Switzer-BlackItalic.ttf
DataFormat:sfntData
hasSVG:no
VariableFontType:NonVariableFont
FileLength:50816
FileModTime:1676032530
WeightClass:900
WidthClass:5
AngleClass:1
NameArray:0,Mac,4,false
NameArray:0,Win,1,Switzer Black Italic
NameArray:0,Win,16,Switzer
%EndFont

%BeginFont
Handler:DirectoryHandler
FontType:Invalid
OutlineFileName:C:\Users\Vinci\Documents\PROJETS_2022\OPEN_OPEN\technopolice-avecpagedjs\Font\switzer\Switzer-BlackItalic.woff
FileModTime:1676032530
%EndFont

%BeginFont
Handler:DirectoryHandler
FontType:Invalid
OutlineFileName:C:\Users\Vinci\Documents\PROJETS_2022\OPEN_OPEN\technopolice-avecpagedjs\Font\switzer\Switzer-BlackItalic.woff2
FileModTime:1676032530
%EndFont

%BeginFont
Handler:DirectoryHandler
FontType:Invalid
OutlineFileName:C:\Users\Vinci\Documents\PROJETS_2022\OPEN_OPEN\technopolice-avecpagedjs\Font\switzer\Switzer-Bold.eot
FileModTime:1676032530
%EndFont

%BeginFont
Handler:DirectoryHandler
FontType:TrueType
FontName:false
FamilyName:false
StyleName:Bold
FullName:false
MenuName:false
StyleBits:2
WritingScript:Roman
OutlineFileName:C:\Users\Vinci\Documents\PROJETS_2022\OPEN_OPEN\technopolice-avecpagedjs\Font\switzer\Switzer-Bold.ttf
DataFormat:sfntData
hasSVG:no
VariableFontType:NonVariableFont
FileLength:64804
FileModTime:1676032530
WeightClass:700
WidthClass:5
AngleClass:0
NameArray:0,Mac,4,false
NameArray:0,Win,1,false
%EndFont

%BeginFont
Handler:DirectoryHandler
FontType:Invalid
OutlineFileName:C:\Users\Vinci\Documents\PROJETS_2022\OPEN_OPEN\technopolice-avecpagedjs\Font\switzer\Switzer-Bold.woff
FileModTime:1676032530
%EndFont

%BeginFont
Handler:DirectoryHandler
FontType:Invalid
OutlineFileName:C:\Users\Vinci\Documents\PROJETS_2022\OPEN_OPEN\technopolice-avecpagedjs\Font\switzer\Switzer-Bold.woff2
FileModTime:1676032530
%EndFont

%BeginFont
Handler:DirectoryHandler
FontType:Invalid
OutlineFileName:C:\Users\Vinci\Documents\PROJETS_2022\OPEN_OPEN\technopolice-avecpagedjs\Font\switzer\Switzer-BoldItalic.eot
FileModTime:1676032530
%EndFont

%BeginFont
Handler:DirectoryHandler
FontType:TrueType
FontName:false
FamilyName:false
StyleName:Bold Italic
FullName:false
MenuName:false
StyleBits:3
WritingScript:Roman
OutlineFileName:C:\Users\Vinci\Documents\PROJETS_2022\OPEN_OPEN\technopolice-avecpagedjs\Font\switzer\Switzer-BoldItalic.ttf
DataFormat:sfntData
hasSVG:no
VariableFontType:NonVariableFont
FileLength:51640
FileModTime:1676032530
WeightClass:700
WidthClass:5
AngleClass:1
NameArray:0,Mac,4,false
NameArray:0,Win,1,false
%EndFont

%BeginFont
Handler:DirectoryHandler
FontType:Invalid
OutlineFileName:C:\Users\Vinci\Documents\PROJETS_2022\OPEN_OPEN\technopolice-avecpagedjs\Font\switzer\Switzer-BoldItalic.woff
FileModTime:1676032530
%EndFont

%BeginFont
Handler:DirectoryHandler
FontType:Invalid
OutlineFileName:C:\Users\Vinci\Documents\PROJETS_2022\OPEN_OPEN\technopolice-avecpagedjs\Font\switzer\Switzer-BoldItalic.woff2
FileModTime:1676032530
%EndFont

%BeginFont
Handler:DirectoryHandler
FontType:Invalid
OutlineFileName:C:\Users\Vinci\Documents\PROJETS_2022\OPEN_OPEN\technopolice-avecpagedjs\Font\switzer\Switzer-Extrabold.eot
FileModTime:1676032530
%EndFont

%BeginFont
Handler:DirectoryHandler
FontType:TrueType
FontName:false
FamilyName:Switzer
StyleName:Extrabold
FullName:false
MenuName:Switzer Extrabold
StyleBits:2
WritingScript:Roman
OutlineFileName:C:\Users\Vinci\Documents\PROJETS_2022\OPEN_OPEN\technopolice-avecpagedjs\Font\switzer\Switzer-Extrabold.ttf
DataFormat:sfntData
hasSVG:no
VariableFontType:NonVariableFont
FileLength:64652
FileModTime:1676032530
WeightClass:800
WidthClass:5
AngleClass:0
NameArray:0,Mac,4,false
NameArray:0,Win,1,Switzer Extrabold
NameArray:0,Win,16,Switzer
%EndFont

%BeginFont
Handler:DirectoryHandler
FontType:Invalid
OutlineFileName:C:\Users\Vinci\Documents\PROJETS_2022\OPEN_OPEN\technopolice-avecpagedjs\Font\switzer\Switzer-Extrabold.woff
FileModTime:1676032530
%EndFont

%BeginFont
Handler:DirectoryHandler
FontType:Invalid
OutlineFileName:C:\Users\Vinci\Documents\PROJETS_2022\OPEN_OPEN\technopolice-avecpagedjs\Font\switzer\Switzer-Extrabold.woff2
FileModTime:1676032530
%EndFont

%BeginFont
Handler:DirectoryHandler
FontType:Invalid
OutlineFileName:C:\Users\Vinci\Documents\PROJETS_2022\OPEN_OPEN\technopolice-avecpagedjs\Font\switzer\Switzer-ExtraboldItalic.eot
FileModTime:1676032530
%EndFont

%BeginFont
Handler:DirectoryHandler
FontType:TrueType
FontName:false
FamilyName:Switzer
StyleName:Extrabold Italic
FullName:false
MenuName:Switzer Extrabold Italic
StyleBits:3
WritingScript:Roman
OutlineFileName:C:\Users\Vinci\Documents\PROJETS_2022\OPEN_OPEN\technopolice-avecpagedjs\Font\switzer\Switzer-ExtraboldItalic.ttf
DataFormat:sfntData
hasSVG:no
VariableFontType:NonVariableFont
FileLength:51480
FileModTime:1676032530
WeightClass:800
WidthClass:5
AngleClass:1
NameArray:0,Mac,4,false
NameArray:0,Win,1,Switzer Extrabold Italic
NameArray:0,Win,16,Switzer
%EndFont

%BeginFont
Handler:DirectoryHandler
FontType:Invalid
OutlineFileName:C:\Users\Vinci\Documents\PROJETS_2022\OPEN_OPEN\technopolice-avecpagedjs\Font\switzer\Switzer-ExtraboldItalic.woff
FileModTime:1676032530
%EndFont

%BeginFont
Handler:DirectoryHandler
FontType:Invalid
OutlineFileName:C:\Users\Vinci\Documents\PROJETS_2022\OPEN_OPEN\technopolice-avecpagedjs\Font\switzer\Switzer-ExtraboldItalic.woff2
FileModTime:1676032530
%EndFont

%BeginFont
Handler:DirectoryHandler
FontType:Invalid
OutlineFileName:C:\Users\Vinci\Documents\PROJETS_2022\OPEN_OPEN\technopolice-avecpagedjs\Font\switzer\Switzer-Extralight.eot
FileModTime:1676032530
%EndFont

%BeginFont
Handler:DirectoryHandler
FontType:TrueType
FontName:false
FamilyName:Switzer
StyleName:Extralight
FullName:false
MenuName:Switzer Extralight
StyleBits:0
WritingScript:Roman
OutlineFileName:C:\Users\Vinci\Documents\PROJETS_2022\OPEN_OPEN\technopolice-avecpagedjs\Font\switzer\Switzer-Extralight.ttf
DataFormat:sfntData
hasSVG:no
VariableFontType:NonVariableFont
FileLength:54124
FileModTime:1676032530
WeightClass:200
WidthClass:5
AngleClass:0
NameArray:0,Mac,4,false
NameArray:0,Win,1,Switzer Extralight
NameArray:0,Win,16,Switzer
%EndFont

%BeginFont
Handler:DirectoryHandler
FontType:Invalid
OutlineFileName:C:\Users\Vinci\Documents\PROJETS_2022\OPEN_OPEN\technopolice-avecpagedjs\Font\switzer\Switzer-Extralight.woff
FileModTime:1676032530
%EndFont

%BeginFont
Handler:DirectoryHandler
FontType:Invalid
OutlineFileName:C:\Users\Vinci\Documents\PROJETS_2022\OPEN_OPEN\technopolice-avecpagedjs\Font\switzer\Switzer-Extralight.woff2
FileModTime:1676032530
%EndFont

%BeginFont
Handler:DirectoryHandler
FontType:Invalid
OutlineFileName:C:\Users\Vinci\Documents\PROJETS_2022\OPEN_OPEN\technopolice-avecpagedjs\Font\switzer\Switzer-ExtralightItalic.eot
FileModTime:1676032530
%EndFont

%BeginFont
Handler:DirectoryHandler
FontType:TrueType
FontName:false
FamilyName:Switzer
StyleName:Extralight Italic
FullName:false
MenuName:Switzer Extralight Italic
StyleBits:1
WritingScript:Roman
OutlineFileName:C:\Users\Vinci\Documents\PROJETS_2022\OPEN_OPEN\technopolice-avecpagedjs\Font\switzer\Switzer-ExtralightItalic.ttf
DataFormat:sfntData
hasSVG:no
VariableFontType:NonVariableFont
FileLength:52800
FileModTime:1676032530
WeightClass:200
WidthClass:5
AngleClass:1
NameArray:0,Mac,4,false
NameArray:0,Win,1,Switzer Extralight Italic
NameArray:0,Win,16,Switzer
%EndFont

%BeginFont
Handler:DirectoryHandler
FontType:Invalid
OutlineFileName:C:\Users\Vinci\Documents\PROJETS_2022\OPEN_OPEN\technopolice-avecpagedjs\Font\switzer\Switzer-ExtralightItalic.woff
FileModTime:1676032530
%EndFont

%BeginFont
Handler:DirectoryHandler
FontType:Invalid
OutlineFileName:C:\Users\Vinci\Documents\PROJETS_2022\OPEN_OPEN\technopolice-avecpagedjs\Font\switzer\Switzer-ExtralightItalic.woff2
FileModTime:1676032530
%EndFont

%BeginFont
Handler:DirectoryHandler
FontType:Invalid
OutlineFileName:C:\Users\Vinci\Documents\PROJETS_2022\OPEN_OPEN\technopolice-avecpagedjs\Font\switzer\Switzer-Italic.eot
FileModTime:1676032530
%EndFont

%BeginFont
Handler:DirectoryHandler
FontType:TrueType
FontName:false
FamilyName:false
StyleName:Normal
FullName:false
MenuName:false
StyleBits:1
WritingScript:Roman
OutlineFileName:C:\Users\Vinci\Documents\PROJETS_2022\OPEN_OPEN\technopolice-avecpagedjs\Font\switzer\Switzer-Italic.ttf
DataFormat:sfntData
hasSVG:no
VariableFontType:NonVariableFont
FileLength:51752
FileModTime:1676032530
WeightClass:400
WidthClass:5
AngleClass:1
NameArray:0,Mac,4,false
NameArray:0,Win,1,false
%EndFont

%BeginFont
Handler:DirectoryHandler
FontType:Invalid
OutlineFileName:C:\Users\Vinci\Documents\PROJETS_2022\OPEN_OPEN\technopolice-avecpagedjs\Font\switzer\Switzer-Italic.woff
FileModTime:1676032530
%EndFont

%BeginFont
Handler:DirectoryHandler
FontType:Invalid
OutlineFileName:C:\Users\Vinci\Documents\PROJETS_2022\OPEN_OPEN\technopolice-avecpagedjs\Font\switzer\Switzer-Italic.woff2
FileModTime:1676032530
%EndFont

%BeginFont
Handler:DirectoryHandler
FontType:Invalid
OutlineFileName:C:\Users\Vinci\Documents\PROJETS_2022\OPEN_OPEN\technopolice-avecpagedjs\Font\switzer\Switzer-Light.eot
FileModTime:1676032530
%EndFont

%BeginFont
Handler:DirectoryHandler
FontType:TrueType
FontName:false
FamilyName:Switzer
StyleName:Light
FullName:false
MenuName:Switzer Light
StyleBits:0
WritingScript:Roman
OutlineFileName:C:\Users\Vinci\Documents\PROJETS_2022\OPEN_OPEN\technopolice-avecpagedjs\Font\switzer\Switzer-Light.ttf
DataFormat:sfntData
hasSVG:no
VariableFontType:NonVariableFont
FileLength:53960
FileModTime:1676032530
WeightClass:300
WidthClass:5
AngleClass:0
NameArray:0,Mac,4,false
NameArray:0,Win,1,Switzer Light
NameArray:0,Win,16,Switzer
%EndFont

%BeginFont
Handler:DirectoryHandler
FontType:Invalid
OutlineFileName:C:\Users\Vinci\Documents\PROJETS_2022\OPEN_OPEN\technopolice-avecpagedjs\Font\switzer\Switzer-Light.woff
FileModTime:1676032530
%EndFont

%BeginFont
Handler:DirectoryHandler
FontType:Invalid
OutlineFileName:C:\Users\Vinci\Documents\PROJETS_2022\OPEN_OPEN\technopolice-avecpagedjs\Font\switzer\Switzer-Light.woff2
FileModTime:1676032530
%EndFont

%BeginFont
Handler:DirectoryHandler
FontType:Invalid
OutlineFileName:C:\Users\Vinci\Documents\PROJETS_2022\OPEN_OPEN\technopolice-avecpagedjs\Font\switzer\Switzer-LightItalic.eot
FileModTime:1676032530
%EndFont

%BeginFont
Handler:DirectoryHandler
FontType:TrueType
FontName:false
FamilyName:Switzer
StyleName:Light Italic
FullName:false
MenuName:Switzer Light Italic
StyleBits:1
WritingScript:Roman
OutlineFileName:C:\Users\Vinci\Documents\PROJETS_2022\OPEN_OPEN\technopolice-avecpagedjs\Font\switzer\Switzer-LightItalic.ttf
DataFormat:sfntData
hasSVG:no
VariableFontType:NonVariableFont
FileLength:52432
FileModTime:1676032530
WeightClass:300
WidthClass:5
AngleClass:1
NameArray:0,Mac,4,false
NameArray:0,Win,1,Switzer Light Italic
NameArray:0,Win,16,Switzer
%EndFont

%BeginFont
Handler:DirectoryHandler
FontType:Invalid
OutlineFileName:C:\Users\Vinci\Documents\PROJETS_2022\OPEN_OPEN\technopolice-avecpagedjs\Font\switzer\Switzer-LightItalic.woff
FileModTime:1676032530
%EndFont

%BeginFont
Handler:DirectoryHandler
FontType:Invalid
OutlineFileName:C:\Users\Vinci\Documents\PROJETS_2022\OPEN_OPEN\technopolice-avecpagedjs\Font\switzer\Switzer-LightItalic.woff2
FileModTime:1676032530
%EndFont

%BeginFont
Handler:DirectoryHandler
FontType:Invalid
OutlineFileName:C:\Users\Vinci\Documents\PROJETS_2022\OPEN_OPEN\technopolice-avecpagedjs\Font\switzer\Switzer-Medium.eot
FileModTime:1676032530
%EndFont

%BeginFont
Handler:DirectoryHandler
FontType:TrueType
FontName:false
FamilyName:Switzer
StyleName:Medium
FullName:false
MenuName:Switzer Medium
StyleBits:0
WritingScript:Roman
OutlineFileName:C:\Users\Vinci\Documents\PROJETS_2022\OPEN_OPEN\technopolice-avecpagedjs\Font\switzer\Switzer-Medium.ttf
DataFormat:sfntData
hasSVG:no
VariableFontType:NonVariableFont
FileLength:65352
FileModTime:1676032530
WeightClass:500
WidthClass:5
AngleClass:0
NameArray:0,Mac,4,false
NameArray:0,Win,1,Switzer Medium
NameArray:0,Win,16,Switzer
%EndFont

%BeginFont
Handler:DirectoryHandler
FontType:Invalid
OutlineFileName:C:\Users\Vinci\Documents\PROJETS_2022\OPEN_OPEN\technopolice-avecpagedjs\Font\switzer\Switzer-Medium.woff
FileModTime:1676032530
%EndFont

%BeginFont
Handler:DirectoryHandler
FontType:Invalid
OutlineFileName:C:\Users\Vinci\Documents\PROJETS_2022\OPEN_OPEN\technopolice-avecpagedjs\Font\switzer\Switzer-Medium.woff2
FileModTime:1676032530
%EndFont

%BeginFont
Handler:DirectoryHandler
FontType:Invalid
OutlineFileName:C:\Users\Vinci\Documents\PROJETS_2022\OPEN_OPEN\technopolice-avecpagedjs\Font\switzer\Switzer-MediumItalic.eot
FileModTime:1676032530
%EndFont

%BeginFont
Handler:DirectoryHandler
FontType:TrueType
FontName:false
FamilyName:Switzer
StyleName:Medium Italic
FullName:false
MenuName:Switzer Medium Italic
StyleBits:1
WritingScript:Roman
OutlineFileName:C:\Users\Vinci\Documents\PROJETS_2022\OPEN_OPEN\technopolice-avecpagedjs\Font\switzer\Switzer-MediumItalic.ttf
DataFormat:sfntData
hasSVG:no
VariableFontType:NonVariableFont
FileLength:52080
FileModTime:1676032530
WeightClass:500
WidthClass:5
AngleClass:1
NameArray:0,Mac,4,false
NameArray:0,Win,1,Switzer Medium Italic
NameArray:0,Win,16,Switzer
%EndFont

%BeginFont
Handler:DirectoryHandler
FontType:Invalid
OutlineFileName:C:\Users\Vinci\Documents\PROJETS_2022\OPEN_OPEN\technopolice-avecpagedjs\Font\switzer\Switzer-MediumItalic.woff
FileModTime:1676032530
%EndFont

%BeginFont
Handler:DirectoryHandler
FontType:Invalid
OutlineFileName:C:\Users\Vinci\Documents\PROJETS_2022\OPEN_OPEN\technopolice-avecpagedjs\Font\switzer\Switzer-MediumItalic.woff2
FileModTime:1676032530
%EndFont

%BeginFont
Handler:DirectoryHandler
FontType:Invalid
OutlineFileName:C:\Users\Vinci\Documents\PROJETS_2022\OPEN_OPEN\technopolice-avecpagedjs\Font\switzer\Switzer-Regular.eot
FileModTime:1676032530
%EndFont

%BeginFont
Handler:DirectoryHandler
FontType:TrueType
FontName:false
FamilyName:false
StyleName:Normal
FullName:false
MenuName:false
StyleBits:0
WritingScript:Roman
OutlineFileName:C:\Users\Vinci\Documents\PROJETS_2022\OPEN_OPEN\technopolice-avecpagedjs\Font\switzer\Switzer-Regular.ttf
DataFormat:sfntData
hasSVG:no
VariableFontType:NonVariableFont
FileLength:52736
FileModTime:1676032530
WeightClass:400
WidthClass:5
AngleClass:0
NameArray:0,Mac,4,false
NameArray:0,Win,1,false
%EndFont

%BeginFont
Handler:DirectoryHandler
FontType:Invalid
OutlineFileName:C:\Users\Vinci\Documents\PROJETS_2022\OPEN_OPEN\technopolice-avecpagedjs\Font\switzer\Switzer-Regular.woff
FileModTime:1676032530
%EndFont

%BeginFont
Handler:DirectoryHandler
FontType:Invalid
OutlineFileName:C:\Users\Vinci\Documents\PROJETS_2022\OPEN_OPEN\technopolice-avecpagedjs\Font\switzer\Switzer-Regular.woff2
FileModTime:1676032532
%EndFont

%BeginFont
Handler:DirectoryHandler
FontType:Invalid
OutlineFileName:C:\Users\Vinci\Documents\PROJETS_2022\OPEN_OPEN\technopolice-avecpagedjs\Font\switzer\Switzer-Semibold.eot
FileModTime:1676032532
%EndFont

%BeginFont
Handler:DirectoryHandler
FontType:TrueType
FontName:false
FamilyName:Switzer
StyleName:Semibold
FullName:false
MenuName:Switzer Semibold
StyleBits:2
WritingScript:Roman
OutlineFileName:C:\Users\Vinci\Documents\PROJETS_2022\OPEN_OPEN\technopolice-avecpagedjs\Font\switzer\Switzer-Semibold.ttf
DataFormat:sfntData
hasSVG:no
VariableFontType:NonVariableFont
FileLength:65144
FileModTime:1676032532
WeightClass:600
WidthClass:5
AngleClass:0
NameArray:0,Mac,4,false
NameArray:0,Win,1,Switzer Semibold
NameArray:0,Win,16,Switzer
%EndFont

%BeginFont
Handler:DirectoryHandler
FontType:Invalid
OutlineFileName:C:\Users\Vinci\Documents\PROJETS_2022\OPEN_OPEN\technopolice-avecpagedjs\Font\switzer\Switzer-Semibold.woff
FileModTime:1676032532
%EndFont

%BeginFont
Handler:DirectoryHandler
FontType:Invalid
OutlineFileName:C:\Users\Vinci\Documents\PROJETS_2022\OPEN_OPEN\technopolice-avecpagedjs\Font\switzer\Switzer-Semibold.woff2
FileModTime:1676032532
%EndFont

%BeginFont
Handler:DirectoryHandler
FontType:Invalid
OutlineFileName:C:\Users\Vinci\Documents\PROJETS_2022\OPEN_OPEN\technopolice-avecpagedjs\Font\switzer\Switzer-SemiboldItalic.eot
FileModTime:1676032532
%EndFont

%BeginFont
Handler:DirectoryHandler
FontType:TrueType
FontName:false
FamilyName:Switzer
StyleName:Semibold Italic
FullName:false
MenuName:Switzer Semibold Italic
StyleBits:3
WritingScript:Roman
OutlineFileName:C:\Users\Vinci\Documents\PROJETS_2022\OPEN_OPEN\technopolice-avecpagedjs\Font\switzer\Switzer-SemiboldItalic.ttf
DataFormat:sfntData
hasSVG:no
VariableFontType:NonVariableFont
FileLength:51888
FileModTime:1676032532
WeightClass:600
WidthClass:5
AngleClass:1
NameArray:0,Mac,4,false
NameArray:0,Win,1,Switzer Semibold Italic
NameArray:0,Win,16,Switzer
%EndFont

%BeginFont
Handler:DirectoryHandler
FontType:Invalid
OutlineFileName:C:\Users\Vinci\Documents\PROJETS_2022\OPEN_OPEN\technopolice-avecpagedjs\Font\switzer\Switzer-SemiboldItalic.woff
FileModTime:1676032532
%EndFont

%BeginFont
Handler:DirectoryHandler
FontType:Invalid
OutlineFileName:C:\Users\Vinci\Documents\PROJETS_2022\OPEN_OPEN\technopolice-avecpagedjs\Font\switzer\Switzer-SemiboldItalic.woff2
FileModTime:1676032532
%EndFont

%BeginFont
Handler:DirectoryHandler
FontType:Invalid
OutlineFileName:C:\Users\Vinci\Documents\PROJETS_2022\OPEN_OPEN\technopolice-avecpagedjs\Font\switzer\Switzer-Thin.eot
FileModTime:1676032532
%EndFont

%BeginFont
Handler:DirectoryHandler
FontType:TrueType
FontName:false
FamilyName:Switzer
StyleName:Thin
FullName:false
MenuName:Switzer Thin
StyleBits:0
WritingScript:Roman
OutlineFileName:C:\Users\Vinci\Documents\PROJETS_2022\OPEN_OPEN\technopolice-avecpagedjs\Font\switzer\Switzer-Thin.ttf
DataFormat:sfntData
hasSVG:no
VariableFontType:NonVariableFont
FileLength:53572
FileModTime:1676032532
WeightClass:100
WidthClass:5
AngleClass:0
NameArray:0,Mac,4,false
NameArray:0,Win,1,Switzer Thin
NameArray:0,Win,16,Switzer
%EndFont

%BeginFont
Handler:DirectoryHandler
FontType:Invalid
OutlineFileName:C:\Users\Vinci\Documents\PROJETS_2022\OPEN_OPEN\technopolice-avecpagedjs\Font\switzer\Switzer-Thin.woff
FileModTime:1676032532
%EndFont

%BeginFont
Handler:DirectoryHandler
FontType:Invalid
OutlineFileName:C:\Users\Vinci\Documents\PROJETS_2022\OPEN_OPEN\technopolice-avecpagedjs\Font\switzer\Switzer-Thin.woff2
FileModTime:1676032532
%EndFont

%BeginFont
Handler:DirectoryHandler
FontType:Invalid
OutlineFileName:C:\Users\Vinci\Documents\PROJETS_2022\OPEN_OPEN\technopolice-avecpagedjs\Font\switzer\Switzer-ThinItalic.eot
FileModTime:1676032532
%EndFont

%BeginFont
Handler:DirectoryHandler
FontType:TrueType
FontName:false
FamilyName:Switzer
StyleName:Thin Italic
FullName:false
MenuName:Switzer Thin Italic
StyleBits:1
WritingScript:Roman
OutlineFileName:C:\Users\Vinci\Documents\PROJETS_2022\OPEN_OPEN\technopolice-avecpagedjs\Font\switzer\Switzer-ThinItalic.ttf
DataFormat:sfntData
hasSVG:no
VariableFontType:NonVariableFont
FileLength:52768
FileModTime:1676032532
WeightClass:100
WidthClass:5
AngleClass:1
NameArray:0,Mac,4,false
NameArray:0,Win,1,Switzer Thin Italic
NameArray:0,Win,16,Switzer
%EndFont

%BeginFont
Handler:DirectoryHandler
FontType:Invalid
OutlineFileName:C:\Users\Vinci\Documents\PROJETS_2022\OPEN_OPEN\technopolice-avecpagedjs\Font\switzer\Switzer-ThinItalic.woff
FileModTime:1676032532
%EndFont

%BeginFont
Handler:DirectoryHandler
FontType:Invalid
OutlineFileName:C:\Users\Vinci\Documents\PROJETS_2022\OPEN_OPEN\technopolice-avecpagedjs\Font\switzer\Switzer-ThinItalic.woff2
FileModTime:1676032532
%EndFont

%BeginFont
Handler:DirectoryHandler
FontType:TrueType
FontName:StereoSans
FamilyName:Stereo Sans
StyleName:Normal
FullName:Stereo Sans
MenuName:Stereo Sans Normal
StyleBits:0
WritingScript:Roman
OutlineFileName:C:\Users\Vinci\Documents\PROJETS_2022\OPEN_OPEN\technopolice-avecpagedjs\Font\stereo_sans\StereoSans.ttf
DataFormat:sfntData
hasSVG:no
VariableFontType:NonVariableFont
FileLength:52160
FileModTime:1680646038
WeightClass:400
WidthClass:5
AngleClass:0
NameArray:0,Mac,4,Stereo Sans
NameArray:0,Win,1,Stereo Sans Normal
NameArray:0,Win,16,Stereo Sans
%EndFont

%BeginFont
Handler:DirectoryHandler
FontType:Invalid
OutlineFileName:C:\Users\Vinci\Documents\PROJETS_2022\OPEN_OPEN\technopolice-avecpagedjs\Font\stereo_sans\StereoSans.woff
FileModTime:1680646038
%EndFont

%BeginFont
Handler:DirectoryHandler
FontType:Invalid
OutlineFileName:C:\Users\Vinci\Documents\PROJETS_2022\OPEN_OPEN\technopolice-avecpagedjs\Font\stereo_sans\stylesheet.css
FileModTime:1680646102
%EndFont

%BeginFont
Handler:DirectoryHandler
FontType:Invalid
OutlineFileName:C:\Users\Vinci\Documents\PROJETS_2022\OPEN_OPEN\technopolice-avecpagedjs\Font\sprat\SpratCndLight.woff
FileModTime:1611244706
%EndFont

%BeginFont
Handler:DirectoryHandler
FontType:Invalid
OutlineFileName:C:\Users\Vinci\Documents\PROJETS_2022\OPEN_OPEN\technopolice-avecpagedjs\Font\sprat\SpratCndLight.woff2
FileModTime:1611244706
%EndFont

%BeginFont
Handler:DirectoryHandler
FontType:Invalid
OutlineFileName:C:\Users\Vinci\Documents\PROJETS_2022\OPEN_OPEN\technopolice-avecpagedjs\Font\sprat\SpratCndMedium.woff
FileModTime:1611244706
%EndFont

%BeginFont
Handler:DirectoryHandler
FontType:Invalid
OutlineFileName:C:\Users\Vinci\Documents\PROJETS_2022\OPEN_OPEN\technopolice-avecpagedjs\Font\sprat\SpratCndMedium.woff2
FileModTime:1611244706
%EndFont

%BeginFont
Handler:DirectoryHandler
FontType:Invalid
OutlineFileName:C:\Users\Vinci\Documents\PROJETS_2022\OPEN_OPEN\technopolice-avecpagedjs\Font\sprat\SpratCndRegular.woff
FileModTime:1611244706
%EndFont

%BeginFont
Handler:DirectoryHandler
FontType:Invalid
OutlineFileName:C:\Users\Vinci\Documents\PROJETS_2022\OPEN_OPEN\technopolice-avecpagedjs\Font\sprat\SpratCndRegular.woff2
FileModTime:1611244706
%EndFont

%BeginFont
Handler:DirectoryHandler
FontType:Invalid
OutlineFileName:C:\Users\Vinci\Documents\PROJETS_2022\OPEN_OPEN\technopolice-avecpagedjs\Font\sprat\SpratCndThin.woff
FileModTime:1611244706
%EndFont

%BeginFont
Handler:DirectoryHandler
FontType:Invalid
OutlineFileName:C:\Users\Vinci\Documents\PROJETS_2022\OPEN_OPEN\technopolice-avecpagedjs\Font\sprat\SpratCndThin.woff2
FileModTime:1611244706
%EndFont

%BeginFont
Handler:DirectoryHandler
FontType:Invalid
OutlineFileName:C:\Users\Vinci\Documents\PROJETS_2022\OPEN_OPEN\technopolice-avecpagedjs\Font\sprat\SpratExtnLight.woff
FileModTime:1611244706
%EndFont

%BeginFont
Handler:DirectoryHandler
FontType:Invalid
OutlineFileName:C:\Users\Vinci\Documents\PROJETS_2022\OPEN_OPEN\technopolice-avecpagedjs\Font\sprat\SpratExtnLight.woff2
FileModTime:1611244706
%EndFont

%BeginFont
Handler:DirectoryHandler
FontType:Invalid
OutlineFileName:C:\Users\Vinci\Documents\PROJETS_2022\OPEN_OPEN\technopolice-avecpagedjs\Font\sprat\SpratExtnMedium.woff
FileModTime:1611244706
%EndFont

%BeginFont
Handler:DirectoryHandler
FontType:Invalid
OutlineFileName:C:\Users\Vinci\Documents\PROJETS_2022\OPEN_OPEN\technopolice-avecpagedjs\Font\sprat\SpratExtnMedium.woff2
FileModTime:1611244706
%EndFont

%BeginFont
Handler:DirectoryHandler
FontType:Invalid
OutlineFileName:C:\Users\Vinci\Documents\PROJETS_2022\OPEN_OPEN\technopolice-avecpagedjs\Font\sprat\SpratExtnRegular.woff
FileModTime:1611244706
%EndFont

%BeginFont
Handler:DirectoryHandler
FontType:Invalid
OutlineFileName:C:\Users\Vinci\Documents\PROJETS_2022\OPEN_OPEN\technopolice-avecpagedjs\Font\sprat\SpratExtnRegular.woff2
FileModTime:1611244706
%EndFont

%BeginFont
Handler:DirectoryHandler
FontType:Invalid
OutlineFileName:C:\Users\Vinci\Documents\PROJETS_2022\OPEN_OPEN\technopolice-avecpagedjs\Font\sprat\SpratExtnThin.woff
FileModTime:1611244706
%EndFont

%BeginFont
Handler:DirectoryHandler
FontType:Invalid
OutlineFileName:C:\Users\Vinci\Documents\PROJETS_2022\OPEN_OPEN\technopolice-avecpagedjs\Font\sprat\SpratExtnThin.woff2
FileModTime:1611244706
%EndFont

%BeginFont
Handler:DirectoryHandler
FontType:Invalid
OutlineFileName:C:\Users\Vinci\Documents\PROJETS_2022\OPEN_OPEN\technopolice-avecpagedjs\Font\sprat\SpratLight.woff
FileModTime:1611244706
%EndFont

%BeginFont
Handler:DirectoryHandler
FontType:Invalid
OutlineFileName:C:\Users\Vinci\Documents\PROJETS_2022\OPEN_OPEN\technopolice-avecpagedjs\Font\sprat\SpratLight.woff2
FileModTime:1611244706
%EndFont

%BeginFont
Handler:DirectoryHandler
FontType:Invalid
OutlineFileName:C:\Users\Vinci\Documents\PROJETS_2022\OPEN_OPEN\technopolice-avecpagedjs\Font\sprat\SpratMedium.woff
FileModTime:1611244706
%EndFont

%BeginFont
Handler:DirectoryHandler
FontType:Invalid
OutlineFileName:C:\Users\Vinci\Documents\PROJETS_2022\OPEN_OPEN\technopolice-avecpagedjs\Font\sprat\SpratMedium.woff2
FileModTime:1611244706
%EndFont

%BeginFont
Handler:DirectoryHandler
FontType:Invalid
OutlineFileName:C:\Users\Vinci\Documents\PROJETS_2022\OPEN_OPEN\technopolice-avecpagedjs\Font\sprat\SpratRegular.woff
FileModTime:1611244706
%EndFont

%BeginFont
Handler:DirectoryHandler
FontType:Invalid
OutlineFileName:C:\Users\Vinci\Documents\PROJETS_2022\OPEN_OPEN\technopolice-avecpagedjs\Font\sprat\SpratRegular.woff2
FileModTime:1611244706
%EndFont

%BeginFont
Handler:DirectoryHandler
FontType:Invalid
OutlineFileName:C:\Users\Vinci\Documents\PROJETS_2022\OPEN_OPEN\technopolice-avecpagedjs\Font\sprat\SpratThin.woff
FileModTime:1611244706
%EndFont

%BeginFont
Handler:DirectoryHandler
FontType:Invalid
OutlineFileName:C:\Users\Vinci\Documents\PROJETS_2022\OPEN_OPEN\technopolice-avecpagedjs\Font\sprat\SpratThin.woff2
FileModTime:1611244706
%EndFont

%BeginFont
Handler:DirectoryHandler
FontType:Invalid
OutlineFileName:C:\Users\Vinci\Documents\PROJETS_2022\OPEN_OPEN\technopolice-avecpagedjs\Font\sprat\stylesheet.css
FileModTime:1676048760
%EndFont

%BeginFont
Handler:DirectoryHandler
FontType:Invalid
OutlineFileName:C:\Users\Vinci\Documents\PROJETS_2022\OPEN_OPEN\technopolice-avecpagedjs\Font\sporting_grotesque\Sporting_Grotesque-Bold_web.woff
FileModTime:1676035752
%EndFont

%BeginFont
Handler:DirectoryHandler
FontType:Invalid
OutlineFileName:C:\Users\Vinci\Documents\PROJETS_2022\OPEN_OPEN\technopolice-avecpagedjs\Font\sporting_grotesque\Sporting_Grotesque-Bold_web.woff2
FileModTime:1676035752
%EndFont

%BeginFont
Handler:DirectoryHandler
FontType:Invalid
OutlineFileName:C:\Users\Vinci\Documents\PROJETS_2022\OPEN_OPEN\technopolice-avecpagedjs\Font\sporting_grotesque\Sporting_Grotesque-Regular_web.woff
FileModTime:1676035730
%EndFont

%BeginFont
Handler:DirectoryHandler
FontType:Invalid
OutlineFileName:C:\Users\Vinci\Documents\PROJETS_2022\OPEN_OPEN\technopolice-avecpagedjs\Font\sporting_grotesque\Sporting_Grotesque-Regular_web.woff2
FileModTime:1676035730
%EndFont

%BeginFont
Handler:DirectoryHandler
FontType:Invalid
OutlineFileName:C:\Users\Vinci\Documents\PROJETS_2022\OPEN_OPEN\technopolice-avecpagedjs\Font\sporting_grotesque\stylesheet.css
FileModTime:1676046428
%EndFont

%BeginFont
Handler:DirectoryHandler
FontType:Invalid
OutlineFileName:C:\Users\Vinci\Documents\PROJETS_2022\OPEN_OPEN\technopolice-avecpagedjs\Font\sneaky_times\Sneaky-Times.woff
FileModTime:1676032404
%EndFont

%BeginFont
Handler:DirectoryHandler
FontType:Invalid
OutlineFileName:C:\Users\Vinci\Documents\PROJETS_2022\OPEN_OPEN\technopolice-avecpagedjs\Font\sneaky_times\Sneaky-Times.woff2
FileModTime:1676032404
%EndFont

%BeginFont
Handler:DirectoryHandler
FontType:Invalid
OutlineFileName:C:\Users\Vinci\Documents\PROJETS_2022\OPEN_OPEN\technopolice-avecpagedjs\Font\sneaky_times\stylesheet.css
FileModTime:1676046426
%EndFont

%BeginFont
Handler:DirectoryHandler
FontType:Invalid
OutlineFileName:C:\Users\Vinci\Documents\PROJETS_2022\OPEN_OPEN\technopolice-avecpagedjs\Font\sligoil\Sligoil-Micro.woff
FileModTime:1676035788
%EndFont

%BeginFont
Handler:DirectoryHandler
FontType:Invalid
OutlineFileName:C:\Users\Vinci\Documents\PROJETS_2022\OPEN_OPEN\technopolice-avecpagedjs\Font\sligoil\Sligoil-Micro.woff2
FileModTime:1676035788
%EndFont

%BeginFont
Handler:DirectoryHandler
FontType:Invalid
OutlineFileName:C:\Users\Vinci\Documents\PROJETS_2022\OPEN_OPEN\technopolice-avecpagedjs\Font\sligoil\stylesheet.css
FileModTime:1676046428
%EndFont

%BeginFont
Handler:DirectoryHandler
FontType:Invalid
OutlineFileName:C:\Users\Vinci\Documents\PROJETS_2022\OPEN_OPEN\technopolice-avecpagedjs\Font\satoshi\Satoshi-Bold.eot
FileModTime:1676032560
%EndFont

%BeginFont
Handler:DirectoryHandler
FontType:TrueType
FontName:false
FamilyName:false
StyleName:Semi-bold
FullName:false
MenuName:false
StyleBits:2
WritingScript:Roman
OutlineFileName:C:\Users\Vinci\Documents\PROJETS_2022\OPEN_OPEN\technopolice-avecpagedjs\Font\satoshi\Satoshi-Bold.ttf
DataFormat:sfntData
hasSVG:no
VariableFontType:NonVariableFont
FileLength:73368
FileModTime:1676032560
WeightClass:700
WidthClass:5
AngleClass:0
NameArray:0,Mac,4,false
NameArray:0,Win,1,false
%EndFont

%BeginFont
Handler:DirectoryHandler
FontType:Invalid
OutlineFileName:C:\Users\Vinci\Documents\PROJETS_2022\OPEN_OPEN\technopolice-avecpagedjs\Font\satoshi\Satoshi-Bold.woff
FileModTime:1676032560
%EndFont

%BeginFont
Handler:DirectoryHandler
FontType:Invalid
OutlineFileName:C:\Users\Vinci\Documents\PROJETS_2022\OPEN_OPEN\technopolice-avecpagedjs\Font\satoshi\Satoshi-Bold.woff2
FileModTime:1676032560
%EndFont

%BeginFont
Handler:DirectoryHandler
FontType:Invalid
OutlineFileName:C:\Users\Vinci\Documents\PROJETS_2022\OPEN_OPEN\technopolice-avecpagedjs\Font\satoshi\Satoshi-BoldItalic.eot
FileModTime:1676032560
%EndFont

%BeginFont
Handler:DirectoryHandler
FontType:TrueType
FontName:false
FamilyName:false
StyleName:Bold Italic
FullName:false
MenuName:false
StyleBits:3
WritingScript:Roman
OutlineFileName:C:\Users\Vinci\Documents\PROJETS_2022\OPEN_OPEN\technopolice-avecpagedjs\Font\satoshi\Satoshi-BoldItalic.ttf
DataFormat:sfntData
hasSVG:no
VariableFontType:NonVariableFont
FileLength:76452
FileModTime:1676032560
WeightClass:700
WidthClass:5
AngleClass:1
NameArray:0,Mac,4,false
NameArray:0,Win,1,false
%EndFont

%BeginFont
Handler:DirectoryHandler
FontType:Invalid
OutlineFileName:C:\Users\Vinci\Documents\PROJETS_2022\OPEN_OPEN\technopolice-avecpagedjs\Font\satoshi\Satoshi-BoldItalic.woff
FileModTime:1676032560
%EndFont

%BeginFont
Handler:DirectoryHandler
FontType:Invalid
OutlineFileName:C:\Users\Vinci\Documents\PROJETS_2022\OPEN_OPEN\technopolice-avecpagedjs\Font\satoshi\Satoshi-BoldItalic.woff2
FileModTime:1676032560
%EndFont

%BeginFont
Handler:DirectoryHandler
FontType:Invalid
OutlineFileName:C:\Users\Vinci\Documents\PROJETS_2022\OPEN_OPEN\technopolice-avecpagedjs\Font\satoshi\Satoshi-Italic.eot
FileModTime:1676032558
%EndFont

%BeginFont
Handler:DirectoryHandler
FontType:TrueType
FontName:false
FamilyName:false
StyleName:Normal
FullName:false
MenuName:false
StyleBits:1
WritingScript:Roman
OutlineFileName:C:\Users\Vinci\Documents\PROJETS_2022\OPEN_OPEN\technopolice-avecpagedjs\Font\satoshi\Satoshi-Italic.ttf
DataFormat:sfntData
hasSVG:no
VariableFontType:NonVariableFont
FileLength:76604
FileModTime:1676032558
WeightClass:400
WidthClass:5
AngleClass:1
NameArray:0,Mac,4,false
NameArray:0,Win,1,false
%EndFont

%BeginFont
Handler:DirectoryHandler
FontType:Invalid
OutlineFileName:C:\Users\Vinci\Documents\PROJETS_2022\OPEN_OPEN\technopolice-avecpagedjs\Font\satoshi\Satoshi-Italic.woff
FileModTime:1676032558
%EndFont

%BeginFont
Handler:DirectoryHandler
FontType:Invalid
OutlineFileName:C:\Users\Vinci\Documents\PROJETS_2022\OPEN_OPEN\technopolice-avecpagedjs\Font\satoshi\Satoshi-Italic.woff2
FileModTime:1676032558
%EndFont

%BeginFont
Handler:DirectoryHandler
FontType:Invalid
OutlineFileName:C:\Users\Vinci\Documents\PROJETS_2022\OPEN_OPEN\technopolice-avecpagedjs\Font\satoshi\Satoshi-Light.eot
FileModTime:1676032558
%EndFont

%BeginFont
Handler:DirectoryHandler
FontType:TrueType
FontName:false
FamilyName:Satoshi
StyleName:Light
FullName:false
MenuName:Satoshi Light
StyleBits:0
WritingScript:Roman
OutlineFileName:C:\Users\Vinci\Documents\PROJETS_2022\OPEN_OPEN\technopolice-avecpagedjs\Font\satoshi\Satoshi-Light.ttf
DataFormat:sfntData
hasSVG:no
VariableFontType:NonVariableFont
FileLength:71684
FileModTime:1676032558
WeightClass:300
WidthClass:5
AngleClass:0
NameArray:0,Mac,4,false
NameArray:0,Win,1,Satoshi Light
NameArray:0,Win,16,Satoshi
%EndFont

%BeginFont
Handler:DirectoryHandler
FontType:Invalid
OutlineFileName:C:\Users\Vinci\Documents\PROJETS_2022\OPEN_OPEN\technopolice-avecpagedjs\Font\satoshi\Satoshi-Light.woff
FileModTime:1676032558
%EndFont

%BeginFont
Handler:DirectoryHandler
FontType:Invalid
OutlineFileName:C:\Users\Vinci\Documents\PROJETS_2022\OPEN_OPEN\technopolice-avecpagedjs\Font\satoshi\Satoshi-Light.woff2
FileModTime:1676032558
%EndFont

%BeginFont
Handler:DirectoryHandler
FontType:Invalid
OutlineFileName:C:\Users\Vinci\Documents\PROJETS_2022\OPEN_OPEN\technopolice-avecpagedjs\Font\satoshi\Satoshi-LightItalic.eot
FileModTime:1676032558
%EndFont

%BeginFont
Handler:DirectoryHandler
FontType:TrueType
FontName:false
FamilyName:Satoshi
StyleName:Light Italic
FullName:false
MenuName:Satoshi Light Italic
StyleBits:1
WritingScript:Roman
OutlineFileName:C:\Users\Vinci\Documents\PROJETS_2022\OPEN_OPEN\technopolice-avecpagedjs\Font\satoshi\Satoshi-LightItalic.ttf
DataFormat:sfntData
hasSVG:no
VariableFontType:NonVariableFont
FileLength:75400
FileModTime:1676032558
WeightClass:300
WidthClass:5
AngleClass:1
NameArray:0,Mac,4,false
NameArray:0,Win,1,Satoshi Light Italic
NameArray:0,Win,16,Satoshi
%EndFont

%BeginFont
Handler:DirectoryHandler
FontType:Invalid
OutlineFileName:C:\Users\Vinci\Documents\PROJETS_2022\OPEN_OPEN\technopolice-avecpagedjs\Font\satoshi\Satoshi-LightItalic.woff
FileModTime:1676032558
%EndFont

%BeginFont
Handler:DirectoryHandler
FontType:Invalid
OutlineFileName:C:\Users\Vinci\Documents\PROJETS_2022\OPEN_OPEN\technopolice-avecpagedjs\Font\satoshi\Satoshi-LightItalic.woff2
FileModTime:1676032558
%EndFont

%BeginFont
Handler:DirectoryHandler
FontType:Invalid
OutlineFileName:C:\Users\Vinci\Documents\PROJETS_2022\OPEN_OPEN\technopolice-avecpagedjs\Font\satoshi\Satoshi-Medium.eot
FileModTime:1676032558
%EndFont

%BeginFont
Handler:DirectoryHandler
FontType:TrueType
FontName:false
FamilyName:Satoshi
StyleName:Medium
FullName:false
MenuName:Satoshi Medium
StyleBits:0
WritingScript:Roman
OutlineFileName:C:\Users\Vinci\Documents\PROJETS_2022\OPEN_OPEN\technopolice-avecpagedjs\Font\satoshi\Satoshi-Medium.ttf
DataFormat:sfntData
hasSVG:no
VariableFontType:NonVariableFont
FileLength:73756
FileModTime:1676032558
WeightClass:500
WidthClass:5
AngleClass:0
NameArray:0,Mac,4,false
NameArray:0,Win,1,Satoshi Medium
NameArray:0,Win,16,Satoshi
%EndFont

%BeginFont
Handler:DirectoryHandler
FontType:Invalid
OutlineFileName:C:\Users\Vinci\Documents\PROJETS_2022\OPEN_OPEN\technopolice-avecpagedjs\Font\satoshi\Satoshi-Medium.woff
FileModTime:1676032558
%EndFont

%BeginFont
Handler:DirectoryHandler
FontType:Invalid
OutlineFileName:C:\Users\Vinci\Documents\PROJETS_2022\OPEN_OPEN\technopolice-avecpagedjs\Font\satoshi\Satoshi-Medium.woff2
FileModTime:1676032558
%EndFont

%BeginFont
Handler:DirectoryHandler
FontType:Invalid
OutlineFileName:C:\Users\Vinci\Documents\PROJETS_2022\OPEN_OPEN\technopolice-avecpagedjs\Font\satoshi\Satoshi-MediumItalic.eot
FileModTime:1676032558
%EndFont

%BeginFont
Handler:DirectoryHandler
FontType:TrueType
FontName:false
FamilyName:Satoshi
StyleName:Medium Italic
FullName:false
MenuName:Satoshi Medium Italic
StyleBits:1
WritingScript:Roman
OutlineFileName:C:\Users\Vinci\Documents\PROJETS_2022\OPEN_OPEN\technopolice-avecpagedjs\Font\satoshi\Satoshi-MediumItalic.ttf
DataFormat:sfntData
hasSVG:no
VariableFontType:NonVariableFont
FileLength:76696
FileModTime:1676032560
WeightClass:500
WidthClass:5
AngleClass:1
NameArray:0,Mac,4,false
NameArray:0,Win,1,Satoshi Medium Italic
NameArray:0,Win,16,Satoshi
%EndFont

%BeginFont
Handler:DirectoryHandler
FontType:Invalid
OutlineFileName:C:\Users\Vinci\Documents\PROJETS_2022\OPEN_OPEN\technopolice-avecpagedjs\Font\satoshi\Satoshi-MediumItalic.woff
FileModTime:1676032560
%EndFont

%BeginFont
Handler:DirectoryHandler
FontType:Invalid
OutlineFileName:C:\Users\Vinci\Documents\PROJETS_2022\OPEN_OPEN\technopolice-avecpagedjs\Font\satoshi\Satoshi-MediumItalic.woff2
FileModTime:1676032560
%EndFont

%BeginFont
Handler:DirectoryHandler
FontType:Invalid
OutlineFileName:C:\Users\Vinci\Documents\PROJETS_2022\OPEN_OPEN\technopolice-avecpagedjs\Font\satoshi\Satoshi-Regular.eot
FileModTime:1676032558
%EndFont

%BeginFont
Handler:DirectoryHandler
FontType:TrueType
FontName:false
FamilyName:false
StyleName:Normal
FullName:false
MenuName:false
StyleBits:0
WritingScript:Roman
OutlineFileName:C:\Users\Vinci\Documents\PROJETS_2022\OPEN_OPEN\technopolice-avecpagedjs\Font\satoshi\Satoshi-Regular.ttf
DataFormat:sfntData
hasSVG:no
VariableFontType:NonVariableFont
FileLength:73476
FileModTime:1676032558
WeightClass:400
WidthClass:5
AngleClass:0
NameArray:0,Mac,4,false
NameArray:0,Win,1,false
%EndFont

%BeginFont
Handler:DirectoryHandler
FontType:Invalid
OutlineFileName:C:\Users\Vinci\Documents\PROJETS_2022\OPEN_OPEN\technopolice-avecpagedjs\Font\satoshi\Satoshi-Regular.woff
FileModTime:1676032558
%EndFont

%BeginFont
Handler:DirectoryHandler
FontType:Invalid
OutlineFileName:C:\Users\Vinci\Documents\PROJETS_2022\OPEN_OPEN\technopolice-avecpagedjs\Font\satoshi\Satoshi-Regular.woff2
FileModTime:1676032558
%EndFont

%BeginFont
Handler:DirectoryHandler
FontType:Invalid
OutlineFileName:C:\Users\Vinci\Documents\PROJETS_2022\OPEN_OPEN\technopolice-avecpagedjs\Font\satoshi\stylesheet.css
FileModTime:1676048346
%EndFont

%BeginFont
Handler:DirectoryHandler
FontType:Invalid
OutlineFileName:C:\Users\Vinci\Documents\PROJETS_2022\OPEN_OPEN\technopolice-avecpagedjs\Font\redaction\Redaction-Italic.woff2
FileModTime:1676035514
%EndFont

%BeginFont
Handler:DirectoryHandler
FontType:Invalid
OutlineFileName:C:\Users\Vinci\Documents\PROJETS_2022\OPEN_OPEN\technopolice-avecpagedjs\Font\redaction\Redaction-Regular.woff2
FileModTime:1676035514
%EndFont

%BeginFont
Handler:DirectoryHandler
FontType:Invalid
OutlineFileName:C:\Users\Vinci\Documents\PROJETS_2022\OPEN_OPEN\technopolice-avecpagedjs\Font\redaction\stylesheet.css
FileModTime:1676048108
%EndFont

%BeginFont
Handler:DirectoryHandler
FontType:Invalid
OutlineFileName:C:\Users\Vinci\Documents\PROJETS_2022\OPEN_OPEN\technopolice-avecpagedjs\Font\quarantype\Quarantype-Oblique.woff
FileModTime:1676035580
%EndFont

%BeginFont
Handler:DirectoryHandler
FontType:Invalid
OutlineFileName:C:\Users\Vinci\Documents\PROJETS_2022\OPEN_OPEN\technopolice-avecpagedjs\Font\quarantype\Quarantype-Regular.woff
FileModTime:1676035580
%EndFont

%BeginFont
Handler:DirectoryHandler
FontType:Invalid
OutlineFileName:C:\Users\Vinci\Documents\PROJETS_2022\OPEN_OPEN\technopolice-avecpagedjs\Font\quarantype\stylesheet.css
FileModTime:1676046432
%EndFont

%BeginFont
Handler:DirectoryHandler
FontType:Invalid
OutlineFileName:C:\Users\Vinci\Documents\PROJETS_2022\OPEN_OPEN\technopolice-avecpagedjs\Font\porpora\Porpora-Regular.woff
FileModTime:1676034002
%EndFont

%BeginFont
Handler:DirectoryHandler
FontType:Invalid
OutlineFileName:C:\Users\Vinci\Documents\PROJETS_2022\OPEN_OPEN\technopolice-avecpagedjs\Font\porpora\Porpora-Regular.woff2
FileModTime:1676034002
%EndFont

%BeginFont
Handler:DirectoryHandler
FontType:Invalid
OutlineFileName:C:\Users\Vinci\Documents\PROJETS_2022\OPEN_OPEN\technopolice-avecpagedjs\Font\porpora\stylesheet.css
FileModTime:1676046430
%EndFont

%BeginFont
Handler:DirectoryHandler
FontType:Invalid
OutlineFileName:C:\Users\Vinci\Documents\PROJETS_2022\OPEN_OPEN\technopolice-avecpagedjs\Font\ortica\Ortica-Bold.woff
FileModTime:1680645447
%EndFont

%BeginFont
Handler:DirectoryHandler
FontType:Invalid
OutlineFileName:C:\Users\Vinci\Documents\PROJETS_2022\OPEN_OPEN\technopolice-avecpagedjs\Font\ortica\Ortica-Bold.woff2
FileModTime:1680645446
%EndFont

%BeginFont
Handler:DirectoryHandler
FontType:Invalid
OutlineFileName:C:\Users\Vinci\Documents\PROJETS_2022\OPEN_OPEN\technopolice-avecpagedjs\Font\ortica\Ortica-Light.woff
FileModTime:1680645446
%EndFont

%BeginFont
Handler:DirectoryHandler
FontType:Invalid
OutlineFileName:C:\Users\Vinci\Documents\PROJETS_2022\OPEN_OPEN\technopolice-avecpagedjs\Font\ortica\Ortica-Light.woff2
FileModTime:1680645447
%EndFont

%BeginFont
Handler:DirectoryHandler
FontType:Invalid
OutlineFileName:C:\Users\Vinci\Documents\PROJETS_2022\OPEN_OPEN\technopolice-avecpagedjs\Font\ortica\stylesheet.css
FileModTime:1680645983
%EndFont

%BeginFont
Handler:DirectoryHandler
FontType:Invalid
OutlineFileName:C:\Users\Vinci\Documents\PROJETS_2022\OPEN_OPEN\technopolice-avecpagedjs\Font\necto\Necto-Mono.woff
FileModTime:1680645474
%EndFont

%BeginFont
Handler:DirectoryHandler
FontType:Invalid
OutlineFileName:C:\Users\Vinci\Documents\PROJETS_2022\OPEN_OPEN\technopolice-avecpagedjs\Font\necto\Necto-Mono.woff2
FileModTime:1680645474
%EndFont

%BeginFont
Handler:DirectoryHandler
FontType:Invalid
OutlineFileName:C:\Users\Vinci\Documents\PROJETS_2022\OPEN_OPEN\technopolice-avecpagedjs\Font\necto\stylesheet.css
FileModTime:1680646111
%EndFont

%BeginFont
Handler:DirectoryHandler
FontType:Invalid
OutlineFileName:C:\Users\Vinci\Documents\PROJETS_2022\OPEN_OPEN\technopolice-avecpagedjs\Font\minipax\Minipax-Medium.eot
FileModTime:1676032416
%EndFont

%BeginFont
Handler:DirectoryHandler
FontType:Invalid
OutlineFileName:C:\Users\Vinci\Documents\PROJETS_2022\OPEN_OPEN\technopolice-avecpagedjs\Font\minipax\Minipax-Medium.woff
FileModTime:1676032416
%EndFont

%BeginFont
Handler:DirectoryHandler
FontType:Invalid
OutlineFileName:C:\Users\Vinci\Documents\PROJETS_2022\OPEN_OPEN\technopolice-avecpagedjs\Font\minipax\Minipax-Medium.woff2
FileModTime:1676032416
%EndFont

%BeginFont
Handler:DirectoryHandler
FontType:Invalid
OutlineFileName:C:\Users\Vinci\Documents\PROJETS_2022\OPEN_OPEN\technopolice-avecpagedjs\Font\minipax\Minipax-Regular.eot
FileModTime:1676032416
%EndFont

%BeginFont
Handler:DirectoryHandler
FontType:Invalid
OutlineFileName:C:\Users\Vinci\Documents\PROJETS_2022\OPEN_OPEN\technopolice-avecpagedjs\Font\minipax\Minipax-Regular.woff
FileModTime:1676032416
%EndFont

%BeginFont
Handler:DirectoryHandler
FontType:Invalid
OutlineFileName:C:\Users\Vinci\Documents\PROJETS_2022\OPEN_OPEN\technopolice-avecpagedjs\Font\minipax\Minipax-Regular.woff2
FileModTime:1676032416
%EndFont

%BeginFont
Handler:DirectoryHandler
FontType:Invalid
OutlineFileName:C:\Users\Vinci\Documents\PROJETS_2022\OPEN_OPEN\technopolice-avecpagedjs\Font\minipax\stylesheet.css
FileModTime:1676048052
%EndFont

%BeginFont
Handler:DirectoryHandler
FontType:Invalid
OutlineFileName:C:\Users\Vinci\Documents\PROJETS_2022\OPEN_OPEN\technopolice-avecpagedjs\Font\messapia\Messapia-Bold.woff
FileModTime:1676035400
%EndFont

%BeginFont
Handler:DirectoryHandler
FontType:Invalid
OutlineFileName:C:\Users\Vinci\Documents\PROJETS_2022\OPEN_OPEN\technopolice-avecpagedjs\Font\messapia\Messapia-Bold.woff2
FileModTime:1676035400
%EndFont

%BeginFont
Handler:DirectoryHandler
FontType:Invalid
OutlineFileName:C:\Users\Vinci\Documents\PROJETS_2022\OPEN_OPEN\technopolice-avecpagedjs\Font\messapia\Messapia-Regular.woff
FileModTime:1676035400
%EndFont

%BeginFont
Handler:DirectoryHandler
FontType:Invalid
OutlineFileName:C:\Users\Vinci\Documents\PROJETS_2022\OPEN_OPEN\technopolice-avecpagedjs\Font\messapia\Messapia-Regular.woff2
FileModTime:1676035400
%EndFont

%BeginFont
Handler:DirectoryHandler
FontType:Invalid
OutlineFileName:C:\Users\Vinci\Documents\PROJETS_2022\OPEN_OPEN\technopolice-avecpagedjs\Font\messapia\stylesheet.css
FileModTime:1682021854
%EndFont

%BeginFont
Handler:DirectoryHandler
FontType:Invalid
OutlineFileName:C:\Users\Vinci\Documents\PROJETS_2022\OPEN_OPEN\technopolice-avecpagedjs\Font\mazius\MAZIUSREVIEW20.09-Extraitalic.woff
FileModTime:1676035242
%EndFont

%BeginFont
Handler:DirectoryHandler
FontType:Invalid
OutlineFileName:C:\Users\Vinci\Documents\PROJETS_2022\OPEN_OPEN\technopolice-avecpagedjs\Font\mazius\MAZIUSREVIEW20.09-Extraitalic.woff2
FileModTime:1676035242
%EndFont

%BeginFont
Handler:DirectoryHandler
FontType:Invalid
OutlineFileName:C:\Users\Vinci\Documents\PROJETS_2022\OPEN_OPEN\technopolice-avecpagedjs\Font\mazius\MAZIUSREVIEW20.09-Italic.woff
FileModTime:1676035242
%EndFont

%BeginFont
Handler:DirectoryHandler
FontType:Invalid
OutlineFileName:C:\Users\Vinci\Documents\PROJETS_2022\OPEN_OPEN\technopolice-avecpagedjs\Font\mazius\MAZIUSREVIEW20.09-Italic.woff2
FileModTime:1676035242
%EndFont

%BeginFont
Handler:DirectoryHandler
FontType:Invalid
OutlineFileName:C:\Users\Vinci\Documents\PROJETS_2022\OPEN_OPEN\technopolice-avecpagedjs\Font\mazius\MAZIUSREVIEW20.09-Regular.woff
FileModTime:1676035242
%EndFont

%BeginFont
Handler:DirectoryHandler
FontType:Invalid
OutlineFileName:C:\Users\Vinci\Documents\PROJETS_2022\OPEN_OPEN\technopolice-avecpagedjs\Font\mazius\MAZIUSREVIEW20.09-Regular.woff2
FileModTime:1676035242
%EndFont

%BeginFont
Handler:DirectoryHandler
FontType:Invalid
OutlineFileName:C:\Users\Vinci\Documents\PROJETS_2022\OPEN_OPEN\technopolice-avecpagedjs\Font\mazius\stylesheet.css
FileModTime:1676046436
%EndFont

%BeginFont
Handler:DirectoryHandler
FontType:Invalid
OutlineFileName:C:\Users\Vinci\Documents\PROJETS_2022\OPEN_OPEN\technopolice-avecpagedjs\Font\louise\Louise-Regular.woff
FileModTime:1676035064
%EndFont

%BeginFont
Handler:DirectoryHandler
FontType:Invalid
OutlineFileName:C:\Users\Vinci\Documents\PROJETS_2022\OPEN_OPEN\technopolice-avecpagedjs\Font\louise\Louise-Regular.woff2
FileModTime:1676035064
%EndFont

%BeginFont
Handler:DirectoryHandler
FontType:Invalid
OutlineFileName:C:\Users\Vinci\Documents\PROJETS_2022\OPEN_OPEN\technopolice-avecpagedjs\Font\louise\stylesheet.css
FileModTime:1676046436
%EndFont

%BeginFont
Handler:DirectoryHandler
FontType:Invalid
OutlineFileName:C:\Users\Vinci\Documents\PROJETS_2022\OPEN_OPEN\technopolice-avecpagedjs\Font\latitude\Latitude-Regular.woff
FileModTime:1676035062
%EndFont

%BeginFont
Handler:DirectoryHandler
FontType:Invalid
OutlineFileName:C:\Users\Vinci\Documents\PROJETS_2022\OPEN_OPEN\technopolice-avecpagedjs\Font\latitude\Latitude-Regular.woff2
FileModTime:1676035062
%EndFont

%BeginFont
Handler:DirectoryHandler
FontType:Invalid
OutlineFileName:C:\Users\Vinci\Documents\PROJETS_2022\OPEN_OPEN\technopolice-avecpagedjs\Font\latitude\stylesheet.css
FileModTime:1676046434
%EndFont

%BeginFont
Handler:DirectoryHandler
FontType:Invalid
OutlineFileName:C:\Users\Vinci\Documents\PROJETS_2022\OPEN_OPEN\technopolice-avecpagedjs\Font\karrik\Karrik-Italic.woff
FileModTime:1638350994
%EndFont

%BeginFont
Handler:DirectoryHandler
FontType:Invalid
OutlineFileName:C:\Users\Vinci\Documents\PROJETS_2022\OPEN_OPEN\technopolice-avecpagedjs\Font\karrik\Karrik-Italic.woff2
FileModTime:1638350994
%EndFont

%BeginFont
Handler:DirectoryHandler
FontType:Invalid
OutlineFileName:C:\Users\Vinci\Documents\PROJETS_2022\OPEN_OPEN\technopolice-avecpagedjs\Font\karrik\Karrik-Regular.woff
FileModTime:1638350994
%EndFont

%BeginFont
Handler:DirectoryHandler
FontType:Invalid
OutlineFileName:C:\Users\Vinci\Documents\PROJETS_2022\OPEN_OPEN\technopolice-avecpagedjs\Font\karrik\Karrik-Regular.woff2
FileModTime:1638350994
%EndFont

%BeginFont
Handler:DirectoryHandler
FontType:Invalid
OutlineFileName:C:\Users\Vinci\Documents\PROJETS_2022\OPEN_OPEN\technopolice-avecpagedjs\Font\karrik\stylesheet.css
FileModTime:1676046438
%EndFont

%BeginFont
Handler:DirectoryHandler
FontType:Type1
FontName:IgorRounded-Regular
FamilyName:Igor Rounded
StyleName:Regular
FullName:Igor Rounded Regular
MenuName:Igor Rounded
StyleBits:0
FamilyNameNative:Igor Rounded
StyleNameNative:Regular
FullNameNative:Igor Rounded Regular
WritingScript:Cyrillic
OutlineFileName:C:\Users\Vinci\Documents\PROJETS_2022\OPEN_OPEN\technopolice-avecpagedjs\Font\igor\igorrounded.otf
DataFormat:sfntData
UsesStandardEncoding:yes
isCFF:yes
hasSVG:no
VariableFontType:NonVariableFont
FileLength:12988
FileModTime:1680645713
WeightClass:400
WidthClass:5
AngleClass:0
NameArray:0,Mac,4,Igor Rounded Regular
NameArray:0,Win,1,Igor Rounded
%EndFont

%BeginFont
Handler:DirectoryHandler
FontType:Invalid
OutlineFileName:C:\Users\Vinci\Documents\PROJETS_2022\OPEN_OPEN\technopolice-avecpagedjs\Font\igor\stylesheet.css
FileModTime:1680645866
%EndFont

%BeginFont
Handler:DirectoryHandler
FontType:Invalid
OutlineFileName:C:\Users\Vinci\Documents\PROJETS_2022\OPEN_OPEN\technopolice-avecpagedjs\Font\homoneta\Homoneta-Italic.woff
FileModTime:1680457208
%EndFont

%BeginFont
Handler:DirectoryHandler
FontType:Invalid
OutlineFileName:C:\Users\Vinci\Documents\PROJETS_2022\OPEN_OPEN\technopolice-avecpagedjs\Font\homoneta\Homoneta-Italic.woff2
FileModTime:1680457208
%EndFont

%BeginFont
Handler:DirectoryHandler
FontType:Invalid
OutlineFileName:C:\Users\Vinci\Documents\PROJETS_2022\OPEN_OPEN\technopolice-avecpagedjs\Font\homoneta\Homoneta-Regular.woff
FileModTime:1680457208
%EndFont

%BeginFont
Handler:DirectoryHandler
FontType:Invalid
OutlineFileName:C:\Users\Vinci\Documents\PROJETS_2022\OPEN_OPEN\technopolice-avecpagedjs\Font\homoneta\Homoneta-Regular.woff2
FileModTime:1680457208
%EndFont

%BeginFont
Handler:DirectoryHandler
FontType:Invalid
OutlineFileName:C:\Users\Vinci\Documents\PROJETS_2022\OPEN_OPEN\technopolice-avecpagedjs\Font\homoneta\stylesheet.css
FileModTime:1680643601
%EndFont

%BeginFont
Handler:DirectoryHandler
FontType:Type1
FontName:HeavyV.004-Regular
FamilyName:Heavy V.004
StyleName:Regular
FullName:Heavy V.004 Regular
MenuName:Heavy V.004
StyleBits:0
WritingScript:Roman
OutlineFileName:C:\Users\Vinci\Documents\PROJETS_2022\OPEN_OPEN\technopolice-avecpagedjs\Font\heavy\heavy.otf
DataFormat:sfntData
UsesStandardEncoding:yes
isCFF:yes
hasSVG:no
VariableFontType:NonVariableFont
FileLength:13376
FileModTime:1680645541
WeightClass:400
WidthClass:5
AngleClass:0
NameArray:0,Mac,4,Heavy V.004 Regular
NameArray:0,Win,1,Heavy V.004
%EndFont

%BeginFont
Handler:DirectoryHandler
FontType:Invalid
OutlineFileName:C:\Users\Vinci\Documents\PROJETS_2022\OPEN_OPEN\technopolice-avecpagedjs\Font\heavy\stylesheet.css
FileModTime:1680645849
%EndFont

%BeginFont
Handler:DirectoryHandler
FontType:Invalid
OutlineFileName:C:\Users\Vinci\Documents\PROJETS_2022\OPEN_OPEN\technopolice-avecpagedjs\Font\happy_times\happy-times-NG_bold_master_web.woff
FileModTime:1676034946
%EndFont

%BeginFont
Handler:DirectoryHandler
FontType:Invalid
OutlineFileName:C:\Users\Vinci\Documents\PROJETS_2022\OPEN_OPEN\technopolice-avecpagedjs\Font\happy_times\happy-times-NG_bold_master_web.woff2
FileModTime:1676034946
%EndFont

%BeginFont
Handler:DirectoryHandler
FontType:Invalid
OutlineFileName:C:\Users\Vinci\Documents\PROJETS_2022\OPEN_OPEN\technopolice-avecpagedjs\Font\happy_times\happy-times-NG_italic_master_web.woff
FileModTime:1676034946
%EndFont

%BeginFont
Handler:DirectoryHandler
FontType:Invalid
OutlineFileName:C:\Users\Vinci\Documents\PROJETS_2022\OPEN_OPEN\technopolice-avecpagedjs\Font\happy_times\happy-times-NG_italic_master_web.woff2
FileModTime:1676034946
%EndFont

%BeginFont
Handler:DirectoryHandler
FontType:Invalid
OutlineFileName:C:\Users\Vinci\Documents\PROJETS_2022\OPEN_OPEN\technopolice-avecpagedjs\Font\happy_times\happy-times-NG_regular_master_web.woff
FileModTime:1676034946
%EndFont

%BeginFont
Handler:DirectoryHandler
FontType:Invalid
OutlineFileName:C:\Users\Vinci\Documents\PROJETS_2022\OPEN_OPEN\technopolice-avecpagedjs\Font\happy_times\happy-times-NG_regular_master_web.woff2
FileModTime:1676034946
%EndFont

%BeginFont
Handler:DirectoryHandler
FontType:Invalid
OutlineFileName:C:\Users\Vinci\Documents\PROJETS_2022\OPEN_OPEN\technopolice-avecpagedjs\Font\happy_times\stylesheet.css
FileModTime:1676046438
%EndFont

%BeginFont
Handler:DirectoryHandler
FontType:Invalid
OutlineFileName:C:\Users\Vinci\Documents\PROJETS_2022\OPEN_OPEN\technopolice-avecpagedjs\Font\halibut\HalibutSerif-Condensed.woff
FileModTime:1676034906
%EndFont

%BeginFont
Handler:DirectoryHandler
FontType:Invalid
OutlineFileName:C:\Users\Vinci\Documents\PROJETS_2022\OPEN_OPEN\technopolice-avecpagedjs\Font\halibut\HalibutSerif-Condensed.woff2
FileModTime:1676034906
%EndFont

%BeginFont
Handler:DirectoryHandler
FontType:Invalid
OutlineFileName:C:\Users\Vinci\Documents\PROJETS_2022\OPEN_OPEN\technopolice-avecpagedjs\Font\halibut\HalibutSerif-CondensedThin.woff
FileModTime:1676034906
%EndFont

%BeginFont
Handler:DirectoryHandler
FontType:Invalid
OutlineFileName:C:\Users\Vinci\Documents\PROJETS_2022\OPEN_OPEN\technopolice-avecpagedjs\Font\halibut\HalibutSerif-CondensedThin.woff2
FileModTime:1676034906
%EndFont

%BeginFont
Handler:DirectoryHandler
FontType:Invalid
OutlineFileName:C:\Users\Vinci\Documents\PROJETS_2022\OPEN_OPEN\technopolice-avecpagedjs\Font\halibut\HalibutSerif-Expanded.woff
FileModTime:1676034906
%EndFont

%BeginFont
Handler:DirectoryHandler
FontType:Invalid
OutlineFileName:C:\Users\Vinci\Documents\PROJETS_2022\OPEN_OPEN\technopolice-avecpagedjs\Font\halibut\HalibutSerif-Expanded.woff2
FileModTime:1676034906
%EndFont

%BeginFont
Handler:DirectoryHandler
FontType:Invalid
OutlineFileName:C:\Users\Vinci\Documents\PROJETS_2022\OPEN_OPEN\technopolice-avecpagedjs\Font\halibut\HalibutSerif-ExpandedThin.woff
FileModTime:1676034906
%EndFont

%BeginFont
Handler:DirectoryHandler
FontType:Invalid
OutlineFileName:C:\Users\Vinci\Documents\PROJETS_2022\OPEN_OPEN\technopolice-avecpagedjs\Font\halibut\HalibutSerif-ExpandedThin.woff2
FileModTime:1676034906
%EndFont

%BeginFont
Handler:DirectoryHandler
FontType:Invalid
OutlineFileName:C:\Users\Vinci\Documents\PROJETS_2022\OPEN_OPEN\technopolice-avecpagedjs\Font\halibut\HalibutSerif-Regular.woff
FileModTime:1676034906
%EndFont

%BeginFont
Handler:DirectoryHandler
FontType:Invalid
OutlineFileName:C:\Users\Vinci\Documents\PROJETS_2022\OPEN_OPEN\technopolice-avecpagedjs\Font\halibut\HalibutSerif-Regular.woff2
FileModTime:1676034906
%EndFont

%BeginFont
Handler:DirectoryHandler
FontType:Invalid
OutlineFileName:C:\Users\Vinci\Documents\PROJETS_2022\OPEN_OPEN\technopolice-avecpagedjs\Font\halibut\HalibutSerif-Thin.woff
FileModTime:1676034906
%EndFont

%BeginFont
Handler:DirectoryHandler
FontType:Invalid
OutlineFileName:C:\Users\Vinci\Documents\PROJETS_2022\OPEN_OPEN\technopolice-avecpagedjs\Font\halibut\HalibutSerif-Thin.woff2
FileModTime:1676034906
%EndFont

%BeginFont
Handler:DirectoryHandler
FontType:Invalid
OutlineFileName:C:\Users\Vinci\Documents\PROJETS_2022\OPEN_OPEN\technopolice-avecpagedjs\Font\halibut\stylesheet.css
FileModTime:1676046438
%EndFont

%BeginFont
Handler:DirectoryHandler
FontType:Invalid
OutlineFileName:C:\Users\Vinci\Documents\PROJETS_2022\OPEN_OPEN\technopolice-avecpagedjs\Font\genese\Genese-excalibur-boldstone.woff
FileModTime:1676032598
%EndFont

%BeginFont
Handler:DirectoryHandler
FontType:Invalid
OutlineFileName:C:\Users\Vinci\Documents\PROJETS_2022\OPEN_OPEN\technopolice-avecpagedjs\Font\genese\Genese-excalibur-boldstone.woff2
FileModTime:1676032598
%EndFont

%BeginFont
Handler:DirectoryHandler
FontType:Invalid
OutlineFileName:C:\Users\Vinci\Documents\PROJETS_2022\OPEN_OPEN\technopolice-avecpagedjs\Font\genese\stylesheet.css
FileModTime:1676046436
%EndFont

%BeginFont
Handler:DirectoryHandler
FontType:Invalid
OutlineFileName:C:\Users\Vinci\Documents\PROJETS_2022\OPEN_OPEN\technopolice-avecpagedjs\Font\garamondt\Garamondt-Italic.woff
FileModTime:1680646360
%EndFont

%BeginFont
Handler:DirectoryHandler
FontType:Invalid
OutlineFileName:C:\Users\Vinci\Documents\PROJETS_2022\OPEN_OPEN\technopolice-avecpagedjs\Font\garamondt\Garamondt-Regular.woff
FileModTime:1680646360
%EndFont

%BeginFont
Handler:DirectoryHandler
FontType:Invalid
OutlineFileName:C:\Users\Vinci\Documents\PROJETS_2022\OPEN_OPEN\technopolice-avecpagedjs\Font\garamondt\stylesheet.css
FileModTime:1680646270
%EndFont

%BeginFont
Handler:DirectoryHandler
FontType:Invalid
OutlineFileName:C:\Users\Vinci\Documents\PROJETS_2022\OPEN_OPEN\technopolice-avecpagedjs\Font\gap_sans\gapsans-webfont.woff
FileModTime:1676032468
%EndFont

%BeginFont
Handler:DirectoryHandler
FontType:Invalid
OutlineFileName:C:\Users\Vinci\Documents\PROJETS_2022\OPEN_OPEN\technopolice-avecpagedjs\Font\gap_sans\gapsans-webfont.woff2
FileModTime:1676032468
%EndFont

%BeginFont
Handler:DirectoryHandler
FontType:Invalid
OutlineFileName:C:\Users\Vinci\Documents\PROJETS_2022\OPEN_OPEN\technopolice-avecpagedjs\Font\gap_sans\gapsansbold-webfont.woff
FileModTime:1676032468
%EndFont

%BeginFont
Handler:DirectoryHandler
FontType:Invalid
OutlineFileName:C:\Users\Vinci\Documents\PROJETS_2022\OPEN_OPEN\technopolice-avecpagedjs\Font\gap_sans\gapsansbold-webfont.woff2
FileModTime:1676032468
%EndFont

%BeginFont
Handler:DirectoryHandler
FontType:Invalid
OutlineFileName:C:\Users\Vinci\Documents\PROJETS_2022\OPEN_OPEN\technopolice-avecpagedjs\Font\gap_sans\stylesheet.css
FileModTime:1676047710
%EndFont

%BeginFont
Handler:DirectoryHandler
FontType:Invalid
OutlineFileName:C:\Users\Vinci\Documents\PROJETS_2022\OPEN_OPEN\technopolice-avecpagedjs\Font\gambarino\Gambarino-Regular.eot
FileModTime:1676032482
%EndFont

%BeginFont
Handler:DirectoryHandler
FontType:TrueType
FontName:false
FamilyName:false
StyleName:Normal
FullName:false
MenuName:false
StyleBits:0
WritingScript:Roman
OutlineFileName:C:\Users\Vinci\Documents\PROJETS_2022\OPEN_OPEN\technopolice-avecpagedjs\Font\gambarino\Gambarino-Regular.ttf
DataFormat:sfntData
hasSVG:no
VariableFontType:NonVariableFont
FileLength:54904
FileModTime:1676032482
WeightClass:400
WidthClass:5
AngleClass:0
NameArray:0,Mac,4,false
NameArray:0,Win,1,false
%EndFont

%BeginFont
Handler:DirectoryHandler
FontType:Invalid
OutlineFileName:C:\Users\Vinci\Documents\PROJETS_2022\OPEN_OPEN\technopolice-avecpagedjs\Font\gambarino\Gambarino-Regular.woff
FileModTime:1676032482
%EndFont

%BeginFont
Handler:DirectoryHandler
FontType:Invalid
OutlineFileName:C:\Users\Vinci\Documents\PROJETS_2022\OPEN_OPEN\technopolice-avecpagedjs\Font\gambarino\Gambarino-Regular.woff2
FileModTime:1676032482
%EndFont

%BeginFont
Handler:DirectoryHandler
FontType:Invalid
OutlineFileName:C:\Users\Vinci\Documents\PROJETS_2022\OPEN_OPEN\technopolice-avecpagedjs\Font\gambarino\stylesheet.css
FileModTime:1676046442
%EndFont

%BeginFont
Handler:DirectoryHandler
FontType:Invalid
OutlineFileName:C:\Users\Vinci\Documents\PROJETS_2022\OPEN_OPEN\technopolice-avecpagedjs\Font\fungal\Fungal-Grow0Thickness500.woff
FileModTime:1682086747
%EndFont

%BeginFont
Handler:DirectoryHandler
FontType:Invalid
OutlineFileName:C:\Users\Vinci\Documents\PROJETS_2022\OPEN_OPEN\technopolice-avecpagedjs\Font\fungal\Fungal-Grow0Thickness500.woff2
FileModTime:1682086747
%EndFont

%BeginFont
Handler:DirectoryHandler
FontType:Invalid
OutlineFileName:C:\Users\Vinci\Documents\PROJETS_2022\OPEN_OPEN\technopolice-avecpagedjs\Font\fungal\Fungal-Grow1000Thickness1000.woff
FileModTime:1682086747
%EndFont

%BeginFont
Handler:DirectoryHandler
FontType:Invalid
OutlineFileName:C:\Users\Vinci\Documents\PROJETS_2022\OPEN_OPEN\technopolice-avecpagedjs\Font\fungal\Fungal-Grow1000Thickness1000.woff2
FileModTime:1682086747
%EndFont

%BeginFont
Handler:DirectoryHandler
FontType:Invalid
OutlineFileName:C:\Users\Vinci\Documents\PROJETS_2022\OPEN_OPEN\technopolice-avecpagedjs\Font\fungal\Fungal-Grow1000Thickness500.woff
FileModTime:1682086747
%EndFont

%BeginFont
Handler:DirectoryHandler
FontType:Invalid
OutlineFileName:C:\Users\Vinci\Documents\PROJETS_2022\OPEN_OPEN\technopolice-avecpagedjs\Font\fungal\Fungal-Grow1000Thickness500.woff2
FileModTime:1682086747
%EndFont

%BeginFont
Handler:DirectoryHandler
FontType:Invalid
OutlineFileName:C:\Users\Vinci\Documents\PROJETS_2022\OPEN_OPEN\technopolice-avecpagedjs\Font\fungal\Fungal-Grow100Thickness1000.woff
FileModTime:1682086747
%EndFont

%BeginFont
Handler:DirectoryHandler
FontType:Invalid
OutlineFileName:C:\Users\Vinci\Documents\PROJETS_2022\OPEN_OPEN\technopolice-avecpagedjs\Font\fungal\Fungal-Grow100Thickness1000.woff2
FileModTime:1682086747
%EndFont

%BeginFont
Handler:DirectoryHandler
FontType:Invalid
OutlineFileName:C:\Users\Vinci\Documents\PROJETS_2022\OPEN_OPEN\technopolice-avecpagedjs\Font\fungal\Fungal-Grow100Thickness500.woff
FileModTime:1682086747
%EndFont

%BeginFont
Handler:DirectoryHandler
FontType:Invalid
OutlineFileName:C:\Users\Vinci\Documents\PROJETS_2022\OPEN_OPEN\technopolice-avecpagedjs\Font\fungal\Fungal-Grow100Thickness500.woff2
FileModTime:1682086747
%EndFont

%BeginFont
Handler:DirectoryHandler
FontType:Invalid
OutlineFileName:C:\Users\Vinci\Documents\PROJETS_2022\OPEN_OPEN\technopolice-avecpagedjs\Font\fungal\Fungal-Grow200Thickness1000.woff
FileModTime:1682086747
%EndFont

%BeginFont
Handler:DirectoryHandler
FontType:Invalid
OutlineFileName:C:\Users\Vinci\Documents\PROJETS_2022\OPEN_OPEN\technopolice-avecpagedjs\Font\fungal\Fungal-Grow200Thickness1000.woff2
FileModTime:1682086747
%EndFont

%BeginFont
Handler:DirectoryHandler
FontType:Invalid
OutlineFileName:C:\Users\Vinci\Documents\PROJETS_2022\OPEN_OPEN\technopolice-avecpagedjs\Font\fungal\Fungal-Grow200Thickness500.woff
FileModTime:1682086747
%EndFont

%BeginFont
Handler:DirectoryHandler
FontType:Invalid
OutlineFileName:C:\Users\Vinci\Documents\PROJETS_2022\OPEN_OPEN\technopolice-avecpagedjs\Font\fungal\Fungal-Grow200Thickness500.woff2
FileModTime:1682086747
%EndFont

%BeginFont
Handler:DirectoryHandler
FontType:Invalid
OutlineFileName:C:\Users\Vinci\Documents\PROJETS_2022\OPEN_OPEN\technopolice-avecpagedjs\Font\fungal\Fungal-Grow300Thickness1000.woff
FileModTime:1682086747
%EndFont

%BeginFont
Handler:DirectoryHandler
FontType:Invalid
OutlineFileName:C:\Users\Vinci\Documents\PROJETS_2022\OPEN_OPEN\technopolice-avecpagedjs\Font\fungal\Fungal-Grow300Thickness1000.woff2
FileModTime:1682086747
%EndFont

%BeginFont
Handler:DirectoryHandler
FontType:Invalid
OutlineFileName:C:\Users\Vinci\Documents\PROJETS_2022\OPEN_OPEN\technopolice-avecpagedjs\Font\fungal\Fungal-Grow300Thickness500.woff
FileModTime:1682086747
%EndFont

%BeginFont
Handler:DirectoryHandler
FontType:Invalid
OutlineFileName:C:\Users\Vinci\Documents\PROJETS_2022\OPEN_OPEN\technopolice-avecpagedjs\Font\fungal\Fungal-Grow300Thickness500.woff2
FileModTime:1682086747
%EndFont

%BeginFont
Handler:DirectoryHandler
FontType:Invalid
OutlineFileName:C:\Users\Vinci\Documents\PROJETS_2022\OPEN_OPEN\technopolice-avecpagedjs\Font\fungal\Fungal-Grow400Thickness1000.woff
FileModTime:1682086747
%EndFont

%BeginFont
Handler:DirectoryHandler
FontType:Invalid
OutlineFileName:C:\Users\Vinci\Documents\PROJETS_2022\OPEN_OPEN\technopolice-avecpagedjs\Font\fungal\Fungal-Grow400Thickness1000.woff2
FileModTime:1682086747
%EndFont

%BeginFont
Handler:DirectoryHandler
FontType:Invalid
OutlineFileName:C:\Users\Vinci\Documents\PROJETS_2022\OPEN_OPEN\technopolice-avecpagedjs\Font\fungal\Fungal-Grow400Thickness500.woff
FileModTime:1682086747
%EndFont

%BeginFont
Handler:DirectoryHandler
FontType:Invalid
OutlineFileName:C:\Users\Vinci\Documents\PROJETS_2022\OPEN_OPEN\technopolice-avecpagedjs\Font\fungal\Fungal-Grow400Thickness500.woff2
FileModTime:1682086747
%EndFont

%BeginFont
Handler:DirectoryHandler
FontType:Invalid
OutlineFileName:C:\Users\Vinci\Documents\PROJETS_2022\OPEN_OPEN\technopolice-avecpagedjs\Font\fungal\Fungal-Grow500Thickness1000.woff
FileModTime:1682086747
%EndFont

%BeginFont
Handler:DirectoryHandler
FontType:Invalid
OutlineFileName:C:\Users\Vinci\Documents\PROJETS_2022\OPEN_OPEN\technopolice-avecpagedjs\Font\fungal\Fungal-Grow500Thickness1000.woff2
FileModTime:1682086747
%EndFont

%BeginFont
Handler:DirectoryHandler
FontType:Invalid
OutlineFileName:C:\Users\Vinci\Documents\PROJETS_2022\OPEN_OPEN\technopolice-avecpagedjs\Font\fungal\Fungal-Grow500Thickness500.woff
FileModTime:1682086748
%EndFont

%BeginFont
Handler:DirectoryHandler
FontType:Invalid
OutlineFileName:C:\Users\Vinci\Documents\PROJETS_2022\OPEN_OPEN\technopolice-avecpagedjs\Font\fungal\Fungal-Grow500Thickness500.woff2
FileModTime:1682086748
%EndFont

%BeginFont
Handler:DirectoryHandler
FontType:Invalid
OutlineFileName:C:\Users\Vinci\Documents\PROJETS_2022\OPEN_OPEN\technopolice-avecpagedjs\Font\fungal\Fungal-Grow600Thickness1000.woff
FileModTime:1682086748
%EndFont

%BeginFont
Handler:DirectoryHandler
FontType:Invalid
OutlineFileName:C:\Users\Vinci\Documents\PROJETS_2022\OPEN_OPEN\technopolice-avecpagedjs\Font\fungal\Fungal-Grow600Thickness1000.woff2
FileModTime:1682086748
%EndFont

%BeginFont
Handler:DirectoryHandler
FontType:Invalid
OutlineFileName:C:\Users\Vinci\Documents\PROJETS_2022\OPEN_OPEN\technopolice-avecpagedjs\Font\fungal\Fungal-Grow600Thickness500.woff
FileModTime:1682086748
%EndFont

%BeginFont
Handler:DirectoryHandler
FontType:Invalid
OutlineFileName:C:\Users\Vinci\Documents\PROJETS_2022\OPEN_OPEN\technopolice-avecpagedjs\Font\fungal\Fungal-Grow600Thickness500.woff2
FileModTime:1682086748
%EndFont

%BeginFont
Handler:DirectoryHandler
FontType:Invalid
OutlineFileName:C:\Users\Vinci\Documents\PROJETS_2022\OPEN_OPEN\technopolice-avecpagedjs\Font\fungal\Fungal-Grow700Thickness1000.woff
FileModTime:1682086748
%EndFont

%BeginFont
Handler:DirectoryHandler
FontType:Invalid
OutlineFileName:C:\Users\Vinci\Documents\PROJETS_2022\OPEN_OPEN\technopolice-avecpagedjs\Font\fungal\Fungal-Grow700Thickness1000.woff2
FileModTime:1682086748
%EndFont

%BeginFont
Handler:DirectoryHandler
FontType:Invalid
OutlineFileName:C:\Users\Vinci\Documents\PROJETS_2022\OPEN_OPEN\technopolice-avecpagedjs\Font\fungal\Fungal-Grow700Thickness500.woff
FileModTime:1682086748
%EndFont

%BeginFont
Handler:DirectoryHandler
FontType:Invalid
OutlineFileName:C:\Users\Vinci\Documents\PROJETS_2022\OPEN_OPEN\technopolice-avecpagedjs\Font\fungal\Fungal-Grow700Thickness500.woff2
FileModTime:1682086748
%EndFont

%BeginFont
Handler:DirectoryHandler
FontType:Invalid
OutlineFileName:C:\Users\Vinci\Documents\PROJETS_2022\OPEN_OPEN\technopolice-avecpagedjs\Font\fungal\Fungal-Grow800Thickness1000.woff
FileModTime:1682086748
%EndFont

%BeginFont
Handler:DirectoryHandler
FontType:Invalid
OutlineFileName:C:\Users\Vinci\Documents\PROJETS_2022\OPEN_OPEN\technopolice-avecpagedjs\Font\fungal\Fungal-Grow800Thickness1000.woff2
FileModTime:1682086748
%EndFont

%BeginFont
Handler:DirectoryHandler
FontType:Invalid
OutlineFileName:C:\Users\Vinci\Documents\PROJETS_2022\OPEN_OPEN\technopolice-avecpagedjs\Font\fungal\Fungal-Grow800Thickness500.woff
FileModTime:1682086748
%EndFont

%BeginFont
Handler:DirectoryHandler
FontType:Invalid
OutlineFileName:C:\Users\Vinci\Documents\PROJETS_2022\OPEN_OPEN\technopolice-avecpagedjs\Font\fungal\Fungal-Grow800Thickness500.woff2
FileModTime:1682086748
%EndFont

%BeginFont
Handler:DirectoryHandler
FontType:Invalid
OutlineFileName:C:\Users\Vinci\Documents\PROJETS_2022\OPEN_OPEN\technopolice-avecpagedjs\Font\fungal\Fungal-Grow900Thickness1000.woff
FileModTime:1682086748
%EndFont

%BeginFont
Handler:DirectoryHandler
FontType:Invalid
OutlineFileName:C:\Users\Vinci\Documents\PROJETS_2022\OPEN_OPEN\technopolice-avecpagedjs\Font\fungal\Fungal-Grow900Thickness1000.woff2
FileModTime:1682086748
%EndFont

%BeginFont
Handler:DirectoryHandler
FontType:Invalid
OutlineFileName:C:\Users\Vinci\Documents\PROJETS_2022\OPEN_OPEN\technopolice-avecpagedjs\Font\fungal\Fungal-Grow900Thickness500.woff
FileModTime:1682086748
%EndFont

%BeginFont
Handler:DirectoryHandler
FontType:Invalid
OutlineFileName:C:\Users\Vinci\Documents\PROJETS_2022\OPEN_OPEN\technopolice-avecpagedjs\Font\fungal\Fungal-Grow900Thickness500.woff2
FileModTime:1682086748
%EndFont

%BeginFont
Handler:DirectoryHandler
FontType:Invalid
OutlineFileName:C:\Users\Vinci\Documents\PROJETS_2022\OPEN_OPEN\technopolice-avecpagedjs\Font\fungal\stylesheet.css
FileModTime:1682086932
%EndFont

%BeginFont
Handler:DirectoryHandler
FontType:Invalid
OutlineFileName:C:\Users\Vinci\Documents\PROJETS_2022\OPEN_OPEN\technopolice-avecpagedjs\Font\ft88\FT88-Expanded.woff
FileModTime:1676035062
%EndFont

%BeginFont
Handler:DirectoryHandler
FontType:Invalid
OutlineFileName:C:\Users\Vinci\Documents\PROJETS_2022\OPEN_OPEN\technopolice-avecpagedjs\Font\ft88\FT88-Expanded.woff2
FileModTime:1676035062
%EndFont

%BeginFont
Handler:DirectoryHandler
FontType:Invalid
OutlineFileName:C:\Users\Vinci\Documents\PROJETS_2022\OPEN_OPEN\technopolice-avecpagedjs\Font\ft88\FT88-Gothique.woff
FileModTime:1676035062
%EndFont

%BeginFont
Handler:DirectoryHandler
FontType:Invalid
OutlineFileName:C:\Users\Vinci\Documents\PROJETS_2022\OPEN_OPEN\technopolice-avecpagedjs\Font\ft88\FT88-Gothique.woff2
FileModTime:1676035062
%EndFont

%BeginFont
Handler:DirectoryHandler
FontType:Invalid
OutlineFileName:C:\Users\Vinci\Documents\PROJETS_2022\OPEN_OPEN\technopolice-avecpagedjs\Font\ft88\FT88-Italic.woff
FileModTime:1676035062
%EndFont

%BeginFont
Handler:DirectoryHandler
FontType:Invalid
OutlineFileName:C:\Users\Vinci\Documents\PROJETS_2022\OPEN_OPEN\technopolice-avecpagedjs\Font\ft88\FT88-Italic.woff2
FileModTime:1676035062
%EndFont

%BeginFont
Handler:DirectoryHandler
FontType:Invalid
OutlineFileName:C:\Users\Vinci\Documents\PROJETS_2022\OPEN_OPEN\technopolice-avecpagedjs\Font\ft88\FT88-Regular.woff
FileModTime:1676035062
%EndFont

%BeginFont
Handler:DirectoryHandler
FontType:Invalid
OutlineFileName:C:\Users\Vinci\Documents\PROJETS_2022\OPEN_OPEN\technopolice-avecpagedjs\Font\ft88\FT88-Regular.woff2
FileModTime:1676035062
%EndFont

%BeginFont
Handler:DirectoryHandler
FontType:Invalid
OutlineFileName:C:\Users\Vinci\Documents\PROJETS_2022\OPEN_OPEN\technopolice-avecpagedjs\Font\ft88\FT88-School.woff
FileModTime:1676035062
%EndFont

%BeginFont
Handler:DirectoryHandler
FontType:Invalid
OutlineFileName:C:\Users\Vinci\Documents\PROJETS_2022\OPEN_OPEN\technopolice-avecpagedjs\Font\ft88\FT88-School.woff2
FileModTime:1676035062
%EndFont

%BeginFont
Handler:DirectoryHandler
FontType:Invalid
OutlineFileName:C:\Users\Vinci\Documents\PROJETS_2022\OPEN_OPEN\technopolice-avecpagedjs\Font\ft88\FT88-Serif.woff
FileModTime:1676035062
%EndFont

%BeginFont
Handler:DirectoryHandler
FontType:Invalid
OutlineFileName:C:\Users\Vinci\Documents\PROJETS_2022\OPEN_OPEN\technopolice-avecpagedjs\Font\ft88\FT88-Serif.woff2
FileModTime:1676035062
%EndFont

%BeginFont
Handler:DirectoryHandler
FontType:Invalid
OutlineFileName:C:\Users\Vinci\Documents\PROJETS_2022\OPEN_OPEN\technopolice-avecpagedjs\Font\ft88\stylesheet.css
FileModTime:1676047732
%EndFont

%BeginFont
Handler:DirectoryHandler
FontType:Invalid
OutlineFileName:C:\Users\Vinci\Documents\PROJETS_2022\OPEN_OPEN\technopolice-avecpagedjs\Font\fantome\Fantome-Regular.woff
FileModTime:1676032614
%EndFont

%BeginFont
Handler:DirectoryHandler
FontType:Invalid
OutlineFileName:C:\Users\Vinci\Documents\PROJETS_2022\OPEN_OPEN\technopolice-avecpagedjs\Font\fantome\Fantome-Regular.woff2
FileModTime:1676032614
%EndFont

%BeginFont
Handler:DirectoryHandler
FontType:Invalid
OutlineFileName:C:\Users\Vinci\Documents\PROJETS_2022\OPEN_OPEN\technopolice-avecpagedjs\Font\fantome\stylesheet.css
FileModTime:1676046444
%EndFont

%BeginFont
Handler:DirectoryHandler
FontType:Invalid
OutlineFileName:C:\Users\Vinci\Documents\PROJETS_2022\OPEN_OPEN\technopolice-avecpagedjs\Font\equateur\Equateur-Regular.woff
FileModTime:1676035062
%EndFont

%BeginFont
Handler:DirectoryHandler
FontType:Invalid
OutlineFileName:C:\Users\Vinci\Documents\PROJETS_2022\OPEN_OPEN\technopolice-avecpagedjs\Font\equateur\Equateur-Regular.woff2
FileModTime:1676035062
%EndFont

%BeginFont
Handler:DirectoryHandler
FontType:Invalid
OutlineFileName:C:\Users\Vinci\Documents\PROJETS_2022\OPEN_OPEN\technopolice-avecpagedjs\Font\equateur\stylesheet.css
FileModTime:1676046440
%EndFont

%BeginFont
Handler:DirectoryHandler
FontType:Invalid
OutlineFileName:C:\Users\Vinci\Documents\PROJETS_2022\OPEN_OPEN\technopolice-avecpagedjs\Font\director\Director-Bold.woff
FileModTime:1676035062
%EndFont

%BeginFont
Handler:DirectoryHandler
FontType:Invalid
OutlineFileName:C:\Users\Vinci\Documents\PROJETS_2022\OPEN_OPEN\technopolice-avecpagedjs\Font\director\Director-Bold.woff2
FileModTime:1676035062
%EndFont

%BeginFont
Handler:DirectoryHandler
FontType:Invalid
OutlineFileName:C:\Users\Vinci\Documents\PROJETS_2022\OPEN_OPEN\technopolice-avecpagedjs\Font\director\Director-Light.woff
FileModTime:1676035062
%EndFont

%BeginFont
Handler:DirectoryHandler
FontType:Invalid
OutlineFileName:C:\Users\Vinci\Documents\PROJETS_2022\OPEN_OPEN\technopolice-avecpagedjs\Font\director\Director-Light.woff2
FileModTime:1676035062
%EndFont

%BeginFont
Handler:DirectoryHandler
FontType:Invalid
OutlineFileName:C:\Users\Vinci\Documents\PROJETS_2022\OPEN_OPEN\technopolice-avecpagedjs\Font\director\Director-Regular.woff
FileModTime:1676035062
%EndFont

%BeginFont
Handler:DirectoryHandler
FontType:Invalid
OutlineFileName:C:\Users\Vinci\Documents\PROJETS_2022\OPEN_OPEN\technopolice-avecpagedjs\Font\director\Director-Regular.woff2
FileModTime:1676035062
%EndFont

%BeginFont
Handler:DirectoryHandler
FontType:Invalid
OutlineFileName:C:\Users\Vinci\Documents\PROJETS_2022\OPEN_OPEN\technopolice-avecpagedjs\Font\director\stylesheet.css
FileModTime:1680457887
%EndFont

%BeginFont
Handler:DirectoryHandler
FontType:Type1
FontName:Crystal-Regular
FamilyName:Crystal
StyleName:Regular
FullName:Crystal Regular
MenuName:Unnamed
StyleBits:0
WritingScript:Roman
OutlineFileName:C:\Users\Vinci\Documents\PROJETS_2022\OPEN_OPEN\technopolice-avecpagedjs\Font\crystal\Crystal-regular_IMoltsanov.otf
DataFormat:sfntData
UsesStandardEncoding:yes
isCFF:yes
hasSVG:no
VariableFontType:NonVariableFont
FileLength:4604
FileModTime:1680645664
WeightClass:400
WidthClass:5
AngleClass:0
NameArray:0,Mac,4,Crystal Regular
NameArray:0,Win,1,Unnamed
NameArray:0,Win,16,Crystal
%EndFont

%BeginFont
Handler:DirectoryHandler
FontType:Invalid
OutlineFileName:C:\Users\Vinci\Documents\PROJETS_2022\OPEN_OPEN\technopolice-avecpagedjs\Font\crystal\stylesheet.css
FileModTime:1680645764
%EndFont

%BeginFont
Handler:DirectoryHandler
FontType:Invalid
OutlineFileName:C:\Users\Vinci\Documents\PROJETS_2022\OPEN_OPEN\technopolice-avecpagedjs\Font\basteleur\Basteleur-Moonlight.woff
FileModTime:1676032432
%EndFont

%BeginFont
Handler:DirectoryHandler
FontType:Invalid
OutlineFileName:C:\Users\Vinci\Documents\PROJETS_2022\OPEN_OPEN\technopolice-avecpagedjs\Font\basteleur\Basteleur-Moonlight.woff2
FileModTime:1676032432
%EndFont

%BeginFont
Handler:DirectoryHandler
FontType:Invalid
OutlineFileName:C:\Users\Vinci\Documents\PROJETS_2022\OPEN_OPEN\technopolice-avecpagedjs\Font\basteleur\stylesheet.css
FileModTime:1676047778
%EndFont

%BeginFont
Handler:DirectoryHandler
FontType:Invalid
OutlineFileName:C:\Users\Vinci\Documents\PROJETS_2022\OPEN_OPEN\technopolice-avecpagedjs\Font\baskervvol\BBBBaskervvol-Base.woff
FileModTime:1676034834
%EndFont

%BeginFont
Handler:DirectoryHandler
FontType:Invalid
OutlineFileName:C:\Users\Vinci\Documents\PROJETS_2022\OPEN_OPEN\technopolice-avecpagedjs\Font\baskervvol\BBBBaskervvol-Base.woff2
FileModTime:1676034834
%EndFont

%BeginFont
Handler:DirectoryHandler
FontType:Invalid
OutlineFileName:C:\Users\Vinci\Documents\PROJETS_2022\OPEN_OPEN\technopolice-avecpagedjs\Font\baskervvol\BBBBaskervvol-Fondue.woff
FileModTime:1676034834
%EndFont

%BeginFont
Handler:DirectoryHandler
FontType:Invalid
OutlineFileName:C:\Users\Vinci\Documents\PROJETS_2022\OPEN_OPEN\technopolice-avecpagedjs\Font\baskervvol\BBBBaskervvol-Fondue.woff2
FileModTime:1676034834
%EndFont

%BeginFont
Handler:DirectoryHandler
FontType:Invalid
OutlineFileName:C:\Users\Vinci\Documents\PROJETS_2022\OPEN_OPEN\technopolice-avecpagedjs\Font\baskervvol\stylesheet.css
FileModTime:1676043756
%EndFont

%BeginFont
Handler:DirectoryHandler
FontType:Type1
FontName:AUTHENTICSans-130
FamilyName:AUTHENTIC Sans
StyleName:130
FullName:AUTHENTIC Sans 130
MenuName:AUTHENTIC Sans 130
StyleBits:0
WritingScript:Roman
OutlineFileName:C:\Users\Vinci\Documents\PROJETS_2022\OPEN_OPEN\technopolice-avecpagedjs\Font\authentic\AUTHENTICSans-130.otf
DataFormat:sfntData
UsesStandardEncoding:yes
isCFF:yes
hasSVG:no
VariableFontType:NonVariableFont
FileLength:14616
FileModTime:1622118256
WeightClass:600
WidthClass:5
AngleClass:0
NameArray:0,Mac,4,AUTHENTIC Sans 130
NameArray:0,Win,1,AUTHENTIC Sans 130
NameArray:0,Win,16,AUTHENTIC Sans
%EndFont

%BeginFont
Handler:DirectoryHandler
FontType:Invalid
OutlineFileName:C:\Users\Vinci\Documents\PROJETS_2022\OPEN_OPEN\technopolice-avecpagedjs\Font\authentic\AUTHENTICSans-130.woff
FileModTime:1622118256
%EndFont

%BeginFont
Handler:DirectoryHandler
FontType:Invalid
OutlineFileName:C:\Users\Vinci\Documents\PROJETS_2022\OPEN_OPEN\technopolice-avecpagedjs\Font\authentic\AUTHENTICSans-130.woff2
FileModTime:1622118256
%EndFont

%BeginFont
Handler:DirectoryHandler
FontType:Type1
FontName:AUTHENTICSans-150
FamilyName:AUTHENTIC Sans
StyleName:150
FullName:AUTHENTIC Sans 150
MenuName:AUTHENTIC Sans 150
StyleBits:0
WritingScript:Roman
OutlineFileName:C:\Users\Vinci\Documents\PROJETS_2022\OPEN_OPEN\technopolice-avecpagedjs\Font\authentic\AUTHENTICSans-150.otf
DataFormat:sfntData
UsesStandardEncoding:yes
isCFF:yes
hasSVG:no
VariableFontType:NonVariableFont
FileLength:14840
FileModTime:1622118256
WeightClass:700
WidthClass:5
AngleClass:0
NameArray:0,Mac,4,AUTHENTIC Sans 150
NameArray:0,Win,1,AUTHENTIC Sans 150
NameArray:0,Win,16,AUTHENTIC Sans
%EndFont

%BeginFont
Handler:DirectoryHandler
FontType:Invalid
OutlineFileName:C:\Users\Vinci\Documents\PROJETS_2022\OPEN_OPEN\technopolice-avecpagedjs\Font\authentic\AUTHENTICSans-150.woff
FileModTime:1622118256
%EndFont

%BeginFont
Handler:DirectoryHandler
FontType:Invalid
OutlineFileName:C:\Users\Vinci\Documents\PROJETS_2022\OPEN_OPEN\technopolice-avecpagedjs\Font\authentic\AUTHENTICSans-150.woff2
FileModTime:1622118256
%EndFont

%BeginFont
Handler:DirectoryHandler
FontType:Type1
FontName:AUTHENTICSans-60
FamilyName:AUTHENTIC Sans
StyleName:60
FullName:AUTHENTIC Sans 60
MenuName:AUTHENTIC Sans 60
StyleBits:0
WritingScript:Roman
OutlineFileName:C:\Users\Vinci\Documents\PROJETS_2022\OPEN_OPEN\technopolice-avecpagedjs\Font\authentic\AUTHENTICSans-60.otf
DataFormat:sfntData
UsesStandardEncoding:yes
isCFF:yes
hasSVG:no
VariableFontType:NonVariableFont
FileLength:13256
FileModTime:1622118256
WeightClass:300
WidthClass:5
AngleClass:0
NameArray:0,Mac,4,AUTHENTIC Sans 60
NameArray:0,Win,1,AUTHENTIC Sans 60
NameArray:0,Win,16,AUTHENTIC Sans
%EndFont

%BeginFont
Handler:DirectoryHandler
FontType:Invalid
OutlineFileName:C:\Users\Vinci\Documents\PROJETS_2022\OPEN_OPEN\technopolice-avecpagedjs\Font\authentic\AUTHENTICSans-60.woff
FileModTime:1622118256
%EndFont

%BeginFont
Handler:DirectoryHandler
FontType:Invalid
OutlineFileName:C:\Users\Vinci\Documents\PROJETS_2022\OPEN_OPEN\technopolice-avecpagedjs\Font\authentic\AUTHENTICSans-60.woff2
FileModTime:1622118256
%EndFont

%BeginFont
Handler:DirectoryHandler
FontType:Type1
FontName:AUTHENTICSans-90
FamilyName:AUTHENTIC Sans
StyleName:90
FullName:AUTHENTIC Sans 90
MenuName:AUTHENTIC Sans 90
StyleBits:0
WritingScript:Roman
OutlineFileName:C:\Users\Vinci\Documents\PROJETS_2022\OPEN_OPEN\technopolice-avecpagedjs\Font\authentic\AUTHENTICSans-90.otf
DataFormat:sfntData
UsesStandardEncoding:yes
isCFF:yes
hasSVG:no
VariableFontType:NonVariableFont
FileLength:13840
FileModTime:1622118256
WeightClass:400
WidthClass:5
AngleClass:0
NameArray:0,Mac,4,AUTHENTIC Sans 90
NameArray:0,Win,1,AUTHENTIC Sans 90
NameArray:0,Win,16,AUTHENTIC Sans
%EndFont

%BeginFont
Handler:DirectoryHandler
FontType:Invalid
OutlineFileName:C:\Users\Vinci\Documents\PROJETS_2022\OPEN_OPEN\technopolice-avecpagedjs\Font\authentic\AUTHENTICSans-90.woff
FileModTime:1622118256
%EndFont

%BeginFont
Handler:DirectoryHandler
FontType:Invalid
OutlineFileName:C:\Users\Vinci\Documents\PROJETS_2022\OPEN_OPEN\technopolice-avecpagedjs\Font\authentic\AUTHENTICSans-90.woff2
FileModTime:1622118256
%EndFont

%BeginFont
Handler:DirectoryHandler
FontType:Type1
FontName:AUTHENTICSans-Condensed130
FamilyName:AUTHENTIC Sans
StyleName:Condensed 130
FullName:AUTHENTIC Sans Condensed 130
MenuName:AUTHENTIC Sans Condensed 130
StyleBits:0
WritingScript:Roman
OutlineFileName:C:\Users\Vinci\Documents\PROJETS_2022\OPEN_OPEN\technopolice-avecpagedjs\Font\authentic\AUTHENTICSans-Condensed-130.otf
DataFormat:sfntData
UsesStandardEncoding:yes
isCFF:yes
hasSVG:no
VariableFontType:NonVariableFont
FileLength:14364
FileModTime:1622118256
WeightClass:600
WidthClass:3
AngleClass:0
NameArray:0,Mac,4,AUTHENTIC Sans Condensed 130
NameArray:0,Win,1,AUTHENTIC Sans Condensed 130
NameArray:0,Win,16,AUTHENTIC Sans
%EndFont

%BeginFont
Handler:DirectoryHandler
FontType:Invalid
OutlineFileName:C:\Users\Vinci\Documents\PROJETS_2022\OPEN_OPEN\technopolice-avecpagedjs\Font\authentic\AUTHENTICSans-Condensed-130.woff
FileModTime:1622118256
%EndFont

%BeginFont
Handler:DirectoryHandler
FontType:Invalid
OutlineFileName:C:\Users\Vinci\Documents\PROJETS_2022\OPEN_OPEN\technopolice-avecpagedjs\Font\authentic\AUTHENTICSans-Condensed-130.woff2
FileModTime:1622118256
%EndFont

%BeginFont
Handler:DirectoryHandler
FontType:Type1
FontName:AUTHENTICSans-Condensed150
FamilyName:AUTHENTIC Sans
StyleName:Condensed 150
FullName:AUTHENTIC Sans Condensed 150
MenuName:AUTHENTIC Sans Condensed 150
StyleBits:0
WritingScript:Roman
OutlineFileName:C:\Users\Vinci\Documents\PROJETS_2022\OPEN_OPEN\technopolice-avecpagedjs\Font\authentic\AUTHENTICSans-Condensed-150.otf
DataFormat:sfntData
UsesStandardEncoding:yes
isCFF:yes
hasSVG:no
VariableFontType:NonVariableFont
FileLength:14996
FileModTime:1622118256
WeightClass:700
WidthClass:3
AngleClass:0
NameArray:0,Mac,4,AUTHENTIC Sans Condensed 150
NameArray:0,Win,1,AUTHENTIC Sans Condensed 150
NameArray:0,Win,16,AUTHENTIC Sans
%EndFont

%BeginFont
Handler:DirectoryHandler
FontType:Invalid
OutlineFileName:C:\Users\Vinci\Documents\PROJETS_2022\OPEN_OPEN\technopolice-avecpagedjs\Font\authentic\AUTHENTICSans-Condensed-150.woff
FileModTime:1622118256
%EndFont

%BeginFont
Handler:DirectoryHandler
FontType:Invalid
OutlineFileName:C:\Users\Vinci\Documents\PROJETS_2022\OPEN_OPEN\technopolice-avecpagedjs\Font\authentic\AUTHENTICSans-Condensed-150.woff2
FileModTime:1622118256
%EndFont

%BeginFont
Handler:DirectoryHandler
FontType:Type1
FontName:AUTHENTICSans-Condensed60
FamilyName:AUTHENTIC Sans
StyleName:Condensed 60
FullName:AUTHENTIC Sans Condensed 60
MenuName:AUTHENTIC Sans Condensed 60
StyleBits:0
WritingScript:Roman
OutlineFileName:C:\Users\Vinci\Documents\PROJETS_2022\OPEN_OPEN\technopolice-avecpagedjs\Font\authentic\AUTHENTICSans-Condensed-60.otf
DataFormat:sfntData
UsesStandardEncoding:yes
isCFF:yes
hasSVG:no
VariableFontType:NonVariableFont
FileLength:13628
FileModTime:1622118256
WeightClass:300
WidthClass:3
AngleClass:0
NameArray:0,Mac,4,AUTHENTIC Sans Condensed 60
NameArray:0,Win,1,AUTHENTIC Sans Condensed 60
NameArray:0,Win,16,AUTHENTIC Sans
%EndFont

%BeginFont
Handler:DirectoryHandler
FontType:Invalid
OutlineFileName:C:\Users\Vinci\Documents\PROJETS_2022\OPEN_OPEN\technopolice-avecpagedjs\Font\authentic\AUTHENTICSans-Condensed-60.woff
FileModTime:1622118256
%EndFont

%BeginFont
Handler:DirectoryHandler
FontType:Invalid
OutlineFileName:C:\Users\Vinci\Documents\PROJETS_2022\OPEN_OPEN\technopolice-avecpagedjs\Font\authentic\AUTHENTICSans-Condensed-60.woff2
FileModTime:1622118258
%EndFont

%BeginFont
Handler:DirectoryHandler
FontType:Type1
FontName:AUTHENTICSans-Condensed90
FamilyName:AUTHENTIC Sans
StyleName:Condensed 90
FullName:AUTHENTIC Sans Condensed 90
MenuName:AUTHENTIC Sans Condensed 90
StyleBits:0
WritingScript:Roman
OutlineFileName:C:\Users\Vinci\Documents\PROJETS_2022\OPEN_OPEN\technopolice-avecpagedjs\Font\authentic\AUTHENTICSans-Condensed-90.otf
DataFormat:sfntData
UsesStandardEncoding:yes
isCFF:yes
hasSVG:no
VariableFontType:NonVariableFont
FileLength:13968
FileModTime:1622118258
WeightClass:400
WidthClass:3
AngleClass:0
NameArray:0,Mac,4,AUTHENTIC Sans Condensed 90
NameArray:0,Win,1,AUTHENTIC Sans Condensed 90
NameArray:0,Win,16,AUTHENTIC Sans
%EndFont

%BeginFont
Handler:DirectoryHandler
FontType:Invalid
OutlineFileName:C:\Users\Vinci\Documents\PROJETS_2022\OPEN_OPEN\technopolice-avecpagedjs\Font\authentic\AUTHENTICSans-Condensed-90.woff
FileModTime:1622118258
%EndFont

%BeginFont
Handler:DirectoryHandler
FontType:Invalid
OutlineFileName:C:\Users\Vinci\Documents\PROJETS_2022\OPEN_OPEN\technopolice-avecpagedjs\Font\authentic\AUTHENTICSans-Condensed-90.woff2
FileModTime:1622118258
%EndFont

%BeginFont
Handler:DirectoryHandler
FontType:Invalid
OutlineFileName:C:\Users\Vinci\Documents\PROJETS_2022\OPEN_OPEN\technopolice-avecpagedjs\Font\authentic\stylesheet.css
FileModTime:1682015295
%EndFont

%BeginFont
Handler:DirectoryHandler
FontType:Invalid
OutlineFileName:C:\Users\Vinci\Documents\PROJETS_2022\OPEN_OPEN\technopolice-avecpagedjs\Font\apfel_grotezt\ApfelGrotezk-Brukt.woff
FileModTime:1676034616
%EndFont

%BeginFont
Handler:DirectoryHandler
FontType:Invalid
OutlineFileName:C:\Users\Vinci\Documents\PROJETS_2022\OPEN_OPEN\technopolice-avecpagedjs\Font\apfel_grotezt\ApfelGrotezk-Brukt.woff2
FileModTime:1676034616
%EndFont

%BeginFont
Handler:DirectoryHandler
FontType:Invalid
OutlineFileName:C:\Users\Vinci\Documents\PROJETS_2022\OPEN_OPEN\technopolice-avecpagedjs\Font\apfel_grotezt\ApfelGrotezk-Fett.woff
FileModTime:1676034616
%EndFont

%BeginFont
Handler:DirectoryHandler
FontType:Invalid
OutlineFileName:C:\Users\Vinci\Documents\PROJETS_2022\OPEN_OPEN\technopolice-avecpagedjs\Font\apfel_grotezt\ApfelGrotezk-Fett.woff2
FileModTime:1676034616
%EndFont

%BeginFont
Handler:DirectoryHandler
FontType:Invalid
OutlineFileName:C:\Users\Vinci\Documents\PROJETS_2022\OPEN_OPEN\technopolice-avecpagedjs\Font\apfel_grotezt\ApfelGrotezk-Regular.woff
FileModTime:1676034616
%EndFont

%BeginFont
Handler:DirectoryHandler
FontType:Invalid
OutlineFileName:C:\Users\Vinci\Documents\PROJETS_2022\OPEN_OPEN\technopolice-avecpagedjs\Font\apfel_grotezt\ApfelGrotezk-Regular.woff2
FileModTime:1676034616
%EndFont

%BeginFont
Handler:DirectoryHandler
FontType:Invalid
OutlineFileName:C:\Users\Vinci\Documents\PROJETS_2022\OPEN_OPEN\technopolice-avecpagedjs\Font\apfel_grotezt\stylesheet.css
FileModTime:1676043492
%EndFont

%BeginFont
Handler:DirectoryHandler
FontType:Invalid
OutlineFileName:C:\Users\Vinci\Documents\PROJETS_2022\OPEN_OPEN\technopolice-avecpagedjs\Font\amiamie\.DS_Store
FileModTime:1680457493
%EndFont

%BeginFont
Handler:DirectoryHandler
FontType:Invalid
OutlineFileName:C:\Users\Vinci\Documents\PROJETS_2022\OPEN_OPEN\technopolice-avecpagedjs\Font\amiamie\Amiamie-Black.woff
FileModTime:1680457493
%EndFont

%BeginFont
Handler:DirectoryHandler
FontType:Invalid
OutlineFileName:C:\Users\Vinci\Documents\PROJETS_2022\OPEN_OPEN\technopolice-avecpagedjs\Font\amiamie\Amiamie-Black.woff2
FileModTime:1680457493
%EndFont

%BeginFont
Handler:DirectoryHandler
FontType:Invalid
OutlineFileName:C:\Users\Vinci\Documents\PROJETS_2022\OPEN_OPEN\technopolice-avecpagedjs\Font\amiamie\Amiamie-BlackItalic.woff
FileModTime:1680457493
%EndFont

%BeginFont
Handler:DirectoryHandler
FontType:Invalid
OutlineFileName:C:\Users\Vinci\Documents\PROJETS_2022\OPEN_OPEN\technopolice-avecpagedjs\Font\amiamie\Amiamie-BlackItalic.woff2
FileModTime:1680457493
%EndFont

%BeginFont
Handler:DirectoryHandler
FontType:Invalid
OutlineFileName:C:\Users\Vinci\Documents\PROJETS_2022\OPEN_OPEN\technopolice-avecpagedjs\Font\amiamie\Amiamie-BlackItalicRound.woff
FileModTime:1680457493
%EndFont

%BeginFont
Handler:DirectoryHandler
FontType:Invalid
OutlineFileName:C:\Users\Vinci\Documents\PROJETS_2022\OPEN_OPEN\technopolice-avecpagedjs\Font\amiamie\Amiamie-BlackItalicRound.woff2
FileModTime:1680457493
%EndFont

%BeginFont
Handler:DirectoryHandler
FontType:Invalid
OutlineFileName:C:\Users\Vinci\Documents\PROJETS_2022\OPEN_OPEN\technopolice-avecpagedjs\Font\amiamie\Amiamie-BlackRound.woff
FileModTime:1680457493
%EndFont

%BeginFont
Handler:DirectoryHandler
FontType:Invalid
OutlineFileName:C:\Users\Vinci\Documents\PROJETS_2022\OPEN_OPEN\technopolice-avecpagedjs\Font\amiamie\Amiamie-BlackRound.woff2
FileModTime:1680457493
%EndFont

%BeginFont
Handler:DirectoryHandler
FontType:Invalid
OutlineFileName:C:\Users\Vinci\Documents\PROJETS_2022\OPEN_OPEN\technopolice-avecpagedjs\Font\amiamie\Amiamie-Italic.woff
FileModTime:1680457493
%EndFont

%BeginFont
Handler:DirectoryHandler
FontType:Invalid
OutlineFileName:C:\Users\Vinci\Documents\PROJETS_2022\OPEN_OPEN\technopolice-avecpagedjs\Font\amiamie\Amiamie-Italic.woff2
FileModTime:1680457494
%EndFont

%BeginFont
Handler:DirectoryHandler
FontType:Invalid
OutlineFileName:C:\Users\Vinci\Documents\PROJETS_2022\OPEN_OPEN\technopolice-avecpagedjs\Font\amiamie\Amiamie-ItalicRound.woff
FileModTime:1680457494
%EndFont

%BeginFont
Handler:DirectoryHandler
FontType:Invalid
OutlineFileName:C:\Users\Vinci\Documents\PROJETS_2022\OPEN_OPEN\technopolice-avecpagedjs\Font\amiamie\Amiamie-ItalicRound.woff2
FileModTime:1680457494
%EndFont

%BeginFont
Handler:DirectoryHandler
FontType:Invalid
OutlineFileName:C:\Users\Vinci\Documents\PROJETS_2022\OPEN_OPEN\technopolice-avecpagedjs\Font\amiamie\Amiamie-Light.woff
FileModTime:1680457494
%EndFont

%BeginFont
Handler:DirectoryHandler
FontType:Invalid
OutlineFileName:C:\Users\Vinci\Documents\PROJETS_2022\OPEN_OPEN\technopolice-avecpagedjs\Font\amiamie\Amiamie-Light.woff2
FileModTime:1680457494
%EndFont

%BeginFont
Handler:DirectoryHandler
FontType:Invalid
OutlineFileName:C:\Users\Vinci\Documents\PROJETS_2022\OPEN_OPEN\technopolice-avecpagedjs\Font\amiamie\Amiamie-LightItalic.woff
FileModTime:1680457494
%EndFont

%BeginFont
Handler:DirectoryHandler
FontType:Invalid
OutlineFileName:C:\Users\Vinci\Documents\PROJETS_2022\OPEN_OPEN\technopolice-avecpagedjs\Font\amiamie\Amiamie-LightItalic.woff2
FileModTime:1680457494
%EndFont

%BeginFont
Handler:DirectoryHandler
FontType:Invalid
OutlineFileName:C:\Users\Vinci\Documents\PROJETS_2022\OPEN_OPEN\technopolice-avecpagedjs\Font\amiamie\Amiamie-Regular.woff
FileModTime:1680457494
%EndFont

%BeginFont
Handler:DirectoryHandler
FontType:Invalid
OutlineFileName:C:\Users\Vinci\Documents\PROJETS_2022\OPEN_OPEN\technopolice-avecpagedjs\Font\amiamie\Amiamie-Regular.woff2
FileModTime:1680457494
%EndFont

%BeginFont
Handler:DirectoryHandler
FontType:Invalid
OutlineFileName:C:\Users\Vinci\Documents\PROJETS_2022\OPEN_OPEN\technopolice-avecpagedjs\Font\amiamie\Amiamie-RegularRound.woff
FileModTime:1680457494
%EndFont

%BeginFont
Handler:DirectoryHandler
FontType:Invalid
OutlineFileName:C:\Users\Vinci\Documents\PROJETS_2022\OPEN_OPEN\technopolice-avecpagedjs\Font\amiamie\Amiamie-RegularRound.woff2
FileModTime:1680457494
%EndFont

%BeginFont
Handler:DirectoryHandler
FontType:Invalid
OutlineFileName:C:\Users\Vinci\Documents\PROJETS_2022\OPEN_OPEN\technopolice-avecpagedjs\Font\amiamie\stylesheet.css
FileModTime:1682018479
%EndFont

%BeginFont
Handler:DirectoryHandler
FontType:Invalid
OutlineFileName:C:\Users\Vinci\Documents\PROJETS_2022\OPEN_OPEN\technopolice-avecpagedjs\Font\abordage\Abordage-Regular.woff
FileModTime:1676035062
%EndFont

%BeginFont
Handler:DirectoryHandler
FontType:Invalid
OutlineFileName:C:\Users\Vinci\Documents\PROJETS_2022\OPEN_OPEN\technopolice-avecpagedjs\Font\abordage\Abordage-Regular.woff2
FileModTime:1676035062
%EndFont

%BeginFont
Handler:DirectoryHandler
FontType:Invalid
OutlineFileName:C:\Users\Vinci\Documents\PROJETS_2022\OPEN_OPEN\technopolice-avecpagedjs\Font\abordage\stylesheet.css
FileModTime:1676043230
%EndFont

